Component: ARM Compiler 6.14 Tool: armlink [5db06800]

==============================================================================

Section Cross References

    startup_stm32f401xc.o(STACK) refers (Special) to heapauxi.o(.text) for __use_two_region_memory
    startup_stm32f401xc.o(HEAP) refers (Special) to heapauxi.o(.text) for __use_two_region_memory
    startup_stm32f401xc.o(RESET) refers (Special) to heapauxi.o(.text) for __use_two_region_memory
    startup_stm32f401xc.o(RESET) refers to startup_stm32f401xc.o(STACK) for __initial_sp
    startup_stm32f401xc.o(RESET) refers to startup_stm32f401xc.o(.text) for Reset_Handler
    startup_stm32f401xc.o(RESET) refers to stm32f4xx_it.o(.text.NMI_Handler) for NMI_Handler
    startup_stm32f401xc.o(RESET) refers to stm32f4xx_it.o(.text.HardFault_Handler) for HardFault_Handler
    startup_stm32f401xc.o(RESET) refers to stm32f4xx_it.o(.text.MemManage_Handler) for MemManage_Handler
    startup_stm32f401xc.o(RESET) refers to stm32f4xx_it.o(.text.BusFault_Handler) for BusFault_Handler
    startup_stm32f401xc.o(RESET) refers to stm32f4xx_it.o(.text.UsageFault_Handler) for UsageFault_Handler
    startup_stm32f401xc.o(RESET) refers to stm32f4xx_it.o(.text.SVC_Handler) for SVC_Handler
    startup_stm32f401xc.o(RESET) refers to stm32f4xx_it.o(.text.DebugMon_Handler) for DebugMon_Handler
    startup_stm32f401xc.o(RESET) refers to stm32f4xx_it.o(.text.PendSV_Handler) for PendSV_Handler
    startup_stm32f401xc.o(RESET) refers to stm32f4xx_it.o(.text.SysTick_Handler) for SysTick_Handler
    startup_stm32f401xc.o(RESET) refers to stm32f4xx_it.o(.text.DMA1_Stream5_IRQHandler) for DMA1_Stream5_IRQHandler
    startup_stm32f401xc.o(.text) refers (Special) to heapauxi.o(.text) for __use_two_region_memory
    startup_stm32f401xc.o(.text) refers to system_stm32f4xx.o(.text.SystemInit) for SystemInit
    startup_stm32f401xc.o(.text) refers to __main.o(!!!main) for __main
    startup_stm32f401xc.o(.text) refers to startup_stm32f401xc.o(HEAP) for Heap_Mem
    startup_stm32f401xc.o(.text) refers to startup_stm32f401xc.o(STACK) for Stack_Mem
    main.o(.text.main) refers to stm32f4xx_hal.o(.text.HAL_Init) for HAL_Init
    main.o(.text.main) refers to main.o(.text.SystemClock_Config) for SystemClock_Config
    main.o(.text.main) refers to gpio.o(.text.MX_GPIO_Init) for MX_GPIO_Init
    main.o(.text.main) refers to dma.o(.text.MX_DMA_Init) for MX_DMA_Init
    main.o(.text.main) refers to i2c.o(.text.MX_I2C1_Init) for MX_I2C1_Init
    main.o(.text.main) refers to usart.o(.text.MX_USART1_UART_Init) for MX_USART1_UART_Init
    main.o(.text.main) refers to tim.o(.text.MX_TIM2_Init) for MX_TIM2_Init
    main.o(.text.main) refers to tim.o(.text.MX_TIM5_Init) for MX_TIM5_Init
    main.o(.text.main) refers to stm32f4xx_hal.o(.text.HAL_Delay) for HAL_Delay
    main.o(.text.main) refers to tim.o(.bss.htim5) for htim5
    main.o(.text.main) refers to stm32f4xx_hal_tim.o(.text.HAL_TIM_PWM_Init) for HAL_TIM_PWM_Init
    main.o(.text.main) refers to oled.o(.text.OLED_Init) for OLED_Init
    main.o(.text.main) refers to oled.o(.text.OLED_NewFrame) for OLED_NewFrame
    main.o(.text.main) refers to font.o(.rodata.font16x16) for font16x16
    main.o(.text.main) refers to oled.o(.text.OLED_PrintString) for OLED_PrintString
    main.o(.text.main) refers to oled.o(.text.OLED_ShowFrame) for OLED_ShowFrame
    main.o(.text.main) refers to stm32f4xx_hal_tim.o(.text.HAL_TIM_PWM_Start) for HAL_TIM_PWM_Start
    main.o(.text.main) refers to stm32f4xx_hal_gpio.o(.text.HAL_GPIO_TogglePin) for HAL_GPIO_TogglePin
    main.o(.text.main) refers to 2812_driver.o(.text.RGB_BLACK) for RGB_BLACK
    main.o(.text.main) refers to 2812_driver.o(.text.RGB_RED) for RGB_RED
    main.o(.text.main) refers to 2812_driver.o(.text.RGB_WHITE) for RGB_WHITE
    main.o(.text.main) refers to 2812_driver.o(.text.RGB_BLUE) for RGB_BLUE
    main.o(.text.main) refers to 2812_driver.o(.text.RGB_GREEN) for RGB_GREEN
    main.o(.text.main) refers to stm32f4xx_hal_gpio.o(.text.HAL_GPIO_WritePin) for HAL_GPIO_WritePin
    main.o(.text.main) refers to stm32f4xx_hal_tim.o(.text.HAL_TIM_PWM_Stop) for HAL_TIM_PWM_Stop
    main.o(.text.main) refers to dino.o(.text.introMessage) for introMessage
    main.o(.text.main) refers to usart.o(.bss.huart1) for huart1
    main.o(.text.main) refers to font.o(.rodata.cai2Img) for cai2Img
    main.o(.text.main) refers to dino.o(.text.showLine) for showLine
    main.o(.text.main) refers to dino.o(.text.play) for play
    main.o(.text.main) refers to stm32f4xx_hal_uart.o(.text.HAL_UART_Transmit) for HAL_UART_Transmit
    main.o(.text.main) refers to stm32f4xx_hal_gpio.o(.text.HAL_GPIO_ReadPin) for HAL_GPIO_ReadPin
    main.o(.text.main) refers to fzx_key.o(.text.KEY_Scan) for KEY_Scan
    main.o(.text.main) refers to font.o(.rodata.muaImg) for muaImg
    main.o(.text.main) refers to font.o(.rodata.enenImg) for enenImg
[...]
    [Anonymous Symbol]                       0x08000840   Section        0  stm32f4xx_it.o(.text.DebugMon_Handler)
    [Anonymous Symbol]                       0x08000844   Section        0  main.o(.text.Error_Handler)
    [Anonymous Symbol]                       0x0800084c   Section        0  stm32f4xx_hal_dma.o(.text.HAL_DMA_IRQHandler)
    [Anonymous Symbol]                       0x080009d8   Section        0  stm32f4xx_hal_dma.o(.text.HAL_DMA_Init)
    [Anonymous Symbol]                       0x08000aa8   Section        0  stm32f4xx_hal_dma.o(.text.HAL_DMA_Start_IT)
    [Anonymous Symbol]                       0x08000b0c   Section        0  stm32f4xx_hal.o(.text.HAL_Delay)
    [Anonymous Symbol]                       0x08000b34   Section        0  stm32f4xx_hal_gpio.o(.text.HAL_GPIO_Init)
    [Anonymous Symbol]                       0x08000cd0   Section        0  stm32f4xx_hal_gpio.o(.text.HAL_GPIO_ReadPin)
    [Anonymous Symbol]                       0x08000cdc   Section        0  stm32f4xx_hal_gpio.o(.text.HAL_GPIO_TogglePin)
    [Anonymous Symbol]                       0x08000cec   Section        0  stm32f4xx_hal_gpio.o(.text.HAL_GPIO_WritePin)
    [Anonymous Symbol]                       0x08000cf8   Section        0  stm32f4xx_hal.o(.text.HAL_GetTick)
    [Anonymous Symbol]                       0x08000d04   Section        0  stm32f4xx_hal_i2c.o(.text.HAL_I2C_Init)
    [Anonymous Symbol]                       0x08000e94   Section        0  stm32f4xx_hal_i2c.o(.text.HAL_I2C_Master_Transmit)
    [Anonymous Symbol]                       0x08000fcc   Section        0  i2c.o(.text.HAL_I2C_MspInit)
    [Anonymous Symbol]                       0x08001040   Section        0  stm32f4xx_hal.o(.text.HAL_IncTick)
    [Anonymous Symbol]                       0x0800105c   Section        0  stm32f4xx_hal.o(.text.HAL_Init)
    [Anonymous Symbol]                       0x08001094   Section        0  stm32f4xx_hal.o(.text.HAL_InitTick)
    [Anonymous Symbol]                       0x080010e4   Section        0  stm32f4xx_hal_msp.o(.text.HAL_MspInit)
    [Anonymous Symbol]                       0x0800111c   Section        0  stm32f4xx_hal_cortex.o(.text.HAL_NVIC_EnableIRQ)
    [Anonymous Symbol]                       0x08001124   Section        0  stm32f4xx_hal_cortex.o(.text.HAL_NVIC_SetPriority)
    [Anonymous Symbol]                       0x08001144   Section        0  stm32f4xx_hal_cortex.o(.text.HAL_NVIC_SetPriorityGrouping)
    [Anonymous Symbol]                       0x0800114c   Section        0  stm32f4xx_hal_rcc.o(.text.HAL_RCC_ClockConfig)
    [Anonymous Symbol]                       0x080012ac   Section        0  stm32f4xx_hal_rcc.o(.text.HAL_RCC_GetHCLKFreq)
    [Anonymous Symbol]                       0x080012b8   Section        0  stm32f4xx_hal_rcc.o(.text.HAL_RCC_GetPCLK1Freq)
    [Anonymous Symbol]                       0x080012dc   Section        0  stm32f4xx_hal_rcc.o(.text.HAL_RCC_GetPCLK2Freq)
    [Anonymous Symbol]                       0x08001300   Section        0  stm32f4xx_hal_rcc.o(.text.HAL_RCC_GetSysClockFreq)
    [Anonymous Symbol]                       0x08001368   Section        0  stm32f4xx_hal_rcc.o(.text.HAL_RCC_OscConfig)
    [Anonymous Symbol]                       0x080016ac   Section        0  stm32f4xx_hal_cortex.o(.text.HAL_SYSTICK_Config)
    [Anonymous Symbol]                       0x080016b4   Section        0  stm32f4xx_hal_tim_ex.o(.text.HAL_TIMEx_MasterConfigSynchronization)
    [Anonymous Symbol]                       0x08001748   Section        0  stm32f4xx_hal_tim.o(.text.HAL_TIM_Base_Init)
    [Anonymous Symbol]                       0x080017a4   Section        0  tim.o(.text.HAL_TIM_Base_MspInit)
    [Anonymous Symbol]                       0x0800184c   Section        0  stm32f4xx_hal_tim.o(.text.HAL_TIM_ConfigClockSource)
    [Anonymous Symbol]                       0x0800192c   Section        0  stm32f4xx_hal_tim.o(.text.HAL_TIM_ErrorCallback)
    [Anonymous Symbol]                       0x08001930   Section        0  tim.o(.text.HAL_TIM_MspPostInit)
    [Anonymous Symbol]                       0x080019bc   Section        0  stm32f4xx_hal_tim.o(.text.HAL_TIM_PWM_ConfigChannel)
    [Anonymous Symbol]                       0x08001a54   Section        0  stm32f4xx_hal_tim.o(.text.HAL_TIM_PWM_Init)
    [Anonymous Symbol]                       0x08001ab0   Section        0  stm32f4xx_hal_tim.o(.text.HAL_TIM_PWM_MspInit)
    [Anonymous Symbol]                       0x08001ab4   Section        0  stm32f4xx_hal_tim.o(.text.HAL_TIM_PWM_PulseFinishedCallback)
    [Anonymous Symbol]                       0x08001ab8   Section        0  stm32f4xx_hal_tim.o(.text.HAL_TIM_PWM_PulseFinishedHalfCpltCallback)
    [Anonymous Symbol]                       0x08001abc   Section        0  stm32f4xx_hal_tim.o(.text.HAL_TIM_PWM_Start)
    [Anonymous Symbol]                       0x08001b90   Section        0  stm32f4xx_hal_tim.o(.text.HAL_TIM_PWM_Start_DMA)
    [Anonymous Symbol]                       0x08001dc8   Section        0  stm32f4xx_hal_tim.o(.text.HAL_TIM_PWM_Stop)
    [Anonymous Symbol]                       0x08001e44   Section        0  stm32f4xx_hal_uart.o(.text.HAL_UART_Init)
    [Anonymous Symbol]                       0x08001ea4   Section        0  usart.o(.text.HAL_UART_MspInit)
    [Anonymous Symbol]                       0x08001f18   Section        0  stm32f4xx_hal_uart.o(.text.HAL_UART_Transmit)
    [Anonymous Symbol]                       0x08001fcc   Section        0  stm32f4xx_it.o(.text.HardFault_Handler)
    I2C_IsAcknowledgeFailed                  0x08001fd1   Thumb Code    48  stm32f4xx_hal_i2c.o(.text.I2C_IsAcknowledgeFailed)
    [Anonymous Symbol]                       0x08001fd0   Section        0  stm32f4xx_hal_i2c.o(.text.I2C_IsAcknowledgeFailed)
    I2C_MasterRequestWrite                   0x08002001   Thumb Code   176  stm32f4xx_hal_i2c.o(.text.I2C_MasterRequestWrite)
    [Anonymous Symbol]                       0x08002000   Section        0  stm32f4xx_hal_i2c.o(.text.I2C_MasterRequestWrite)
    I2C_WaitOnBTFFlagUntilTimeout            0x080020b1   Thumb Code   106  stm32f4xx_hal_i2c.o(.text.I2C_WaitOnBTFFlagUntilTimeout)
    [Anonymous Symbol]                       0x080020b0   Section        0  stm32f4xx_hal_i2c.o(.text.I2C_WaitOnBTFFlagUntilTimeout)
    I2C_WaitOnFlagUntilTimeout               0x0800211d   Thumb Code   160  stm32f4xx_hal_i2c.o(.text.I2C_WaitOnFlagUntilTimeout)
    [Anonymous Symbol]                       0x0800211c   Section        0  stm32f4xx_hal_i2c.o(.text.I2C_WaitOnFlagUntilTimeout)
    I2C_WaitOnMasterAddressFlagUntilTimeout  0x080021bd   Thumb Code   166  stm32f4xx_hal_i2c.o(.text.I2C_WaitOnMasterAddressFlagUntilTimeout)
    [Anonymous Symbol]                       0x080021bc   Section        0  stm32f4xx_hal_i2c.o(.text.I2C_WaitOnMasterAddressFlagUntilTimeout)
    I2C_WaitOnTXEFlagUntilTimeout            0x08002265   Thumb Code   106  stm32f4xx_hal_i2c.o(.text.I2C_WaitOnTXEFlagUntilTimeout)
    [Anonymous Symbol]                       0x08002264   Section        0  stm32f4xx_hal_i2c.o(.text.I2C_WaitOnTXEFlagUntilTimeout)
    [Anonymous Symbol]                       0x080022d0   Section        0  fzx_key.o(.text.KEY_Scan)
    [Anonymous Symbol]                       0x080024d0   Section        0  dma.o(.text.MX_DMA_Init)
    [Anonymous Symbol]                       0x08002508   Section        0  gpio.o(.text.MX_GPIO_Init)
    [Anonymous Symbol]                       0x08002628   Section        0  i2c.o(.text.MX_I2C1_Init)
    [Anonymous Symbol]                       0x08002668   Section        0  tim.o(.text.MX_TIM2_Init)
    [Anonymous Symbol]                       0x0800272c   Section        0  tim.o(.text.MX_TIM5_Init)
    [Anonymous Symbol]                       0x080027fc   Section        0  usart.o(.text.MX_USART1_UART_Init)
    [Anonymous Symbol]                       0x08002834   Section        0  stm32f4xx_it.o(.text.MemManage_Handler)
    [Anonymous Symbol]                       0x08002838   Section        0  stm32f4xx_it.o(.text.NMI_Handler)
    NVIC_EncodePriority                      0x0800283d   Thumb Code    44  stm32f4xx_hal_cortex.o(.text.NVIC_EncodePriority)
    [Anonymous Symbol]                       0x0800283c   Section        0  stm32f4xx_hal_cortex.o(.text.NVIC_EncodePriority)
    [Anonymous Symbol]                       0x08002868   Section        0  oled.o(.text.OLED_DrawImage)
    [Anonymous Symbol]                       0x08002888   Section        0  oled.o(.text.OLED_DrawLine)
    [Anonymous Symbol]                       0x08002984   Section        0  oled.o(.text.OLED_Init)
    [Anonymous Symbol]                       0x08002a38   Section        0  oled.o(.text.OLED_NewFrame)
    [Anonymous Symbol]                       0x08002a4c   Section        0  oled.o(.text.OLED_PrintASCIIChar)
    [Anonymous Symbol]                       0x08002a78   Section        0  oled.o(.text.OLED_PrintString)
    [Anonymous Symbol]                       0x08002b54   Section        0  oled.o(.text.OLED_Send)
    [Anonymous Symbol]                       0x08002b78   Section        0  oled.o(.text.OLED_SendCmd)
    [Anonymous Symbol]                       0x08002b90   Section        0  oled.o(.text.OLED_SetBits)
    [Anonymous Symbol]                       0x08002be0   Section        0  oled.o(.text.OLED_SetBits_Fine)
    [Anonymous Symbol]                       0x08002c48   Section        0  oled.o(.text.OLED_SetBlock)
    [Anonymous Symbol]                       0x08002d04   Section        0  oled.o(.text.OLED_SetByte_Fine)
    [Anonymous Symbol]                       0x08002d64   Section        0  oled.o(.text.OLED_SetPixel)
    [Anonymous Symbol]                       0x08002da0   Section        0  oled.o(.text.OLED_ShowFrame)
    [Anonymous Symbol]                       0x08002df4   Section        0  stm32f4xx_it.o(.text.PendSV_Handler)
    [Anonymous Symbol]                       0x08002df8   Section        0  2812_driver.o(.text.RGB_BLACK)
    [Anonymous Symbol]                       0x08002e20   Section        0  2812_driver.o(.text.RGB_BLUE)
    [Anonymous Symbol]                       0x08002e50   Section        0  2812_driver.o(.text.RGB_GREEN)
    [Anonymous Symbol]                       0x08002e80   Section        0  2812_driver.o(.text.RGB_RED)
    [Anonymous Symbol]                       0x08002eac   Section        0  2812_driver.o(.text.RGB_SendArray)
    [Anonymous Symbol]                       0x08002ec8   Section        0  2812_driver.o(.text.RGB_SetColor)
    [Anonymous Symbol]                       0x08002f50   Section        0  2812_driver.o(.text.RGB_WHITE)
    [Anonymous Symbol]                       0x08002f78   Section        0  2812_driver.o(.text.Reset_Load)
    [Anonymous Symbol]                       0x08002f90   Section        0  stm32f4xx_it.o(.text.SVC_Handler)
    SysTick_Config                           0x08002f95   Thumb Code    46  stm32f4xx_hal_cortex.o(.text.SysTick_Config)
    [Anonymous Symbol]                       0x08002f94   Section        0  stm32f4xx_hal_cortex.o(.text.SysTick_Config)
    [Anonymous Symbol]                       0x08002fc4   Section        0  stm32f4xx_it.o(.text.SysTick_Handler)
    [Anonymous Symbol]                       0x08002fcc   Section        0  main.o(.text.SystemClock_Config)
    [Anonymous Symbol]                       0x08003068   Section        0  system_stm32f4xx.o(.text.SystemInit)
    [Anonymous Symbol]                       0x0800307c   Section        0  stm32f4xx_hal_tim.o(.text.TIM_Base_SetConfig)
    [Anonymous Symbol]                       0x08003168   Section        0  stm32f4xx_hal_tim.o(.text.TIM_CCxChannelCmd)
    TIM_DMADelayPulseCplt                    0x0800318d   Thumb Code   104  stm32f4xx_hal_tim.o(.text.TIM_DMADelayPulseCplt)
    [Anonymous Symbol]                       0x0800318c   Section        0  stm32f4xx_hal_tim.o(.text.TIM_DMADelayPulseCplt)
    [Anonymous Symbol]                       0x080031f4   Section        0  stm32f4xx_hal_tim.o(.text.TIM_DMADelayPulseHalfCplt)
    [Anonymous Symbol]                       0x0800322c   Section        0  stm32f4xx_hal_tim.o(.text.TIM_DMAError)
    [Anonymous Symbol]                       0x08003288   Section        0  stm32f4xx_hal_tim.o(.text.TIM_ETR_SetConfig)
    TIM_ITRx_SetConfig                       0x080032a1   Thumb Code    16  stm32f4xx_hal_tim.o(.text.TIM_ITRx_SetConfig)
    [Anonymous Symbol]                       0x080032a0   Section        0  stm32f4xx_hal_tim.o(.text.TIM_ITRx_SetConfig)
    TIM_OC1_SetConfig                        0x080032b1   Thumb Code    96  stm32f4xx_hal_tim.o(.text.TIM_OC1_SetConfig)
    [Anonymous Symbol]                       0x080032b0   Section        0  stm32f4xx_hal_tim.o(.text.TIM_OC1_SetConfig)
    [Anonymous Symbol]                       0x08003310   Section        0  stm32f4xx_hal_tim.o(.text.TIM_OC2_SetConfig)
    TIM_OC3_SetConfig                        0x08003379   Thumb Code   104  stm32f4xx_hal_tim.o(.text.TIM_OC3_SetConfig)
    [Anonymous Symbol]                       0x08003378   Section        0  stm32f4xx_hal_tim.o(.text.TIM_OC3_SetConfig)
    TIM_OC4_SetConfig                        0x080033e1   Thumb Code    72  stm32f4xx_hal_tim.o(.text.TIM_OC4_SetConfig)
    [Anonymous Symbol]                       0x080033e0   Section        0  stm32f4xx_hal_tim.o(.text.TIM_OC4_SetConfig)
    TIM_TI1_ConfigInputStage                 0x08003429   Thumb Code    34  stm32f4xx_hal_tim.o(.text.TIM_TI1_ConfigInputStage)
    [Anonymous Symbol]                       0x08003428   Section        0  stm32f4xx_hal_tim.o(.text.TIM_TI1_ConfigInputStage)
    TIM_TI2_ConfigInputStage                 0x0800344d   Thumb Code    36  stm32f4xx_hal_tim.o(.text.TIM_TI2_ConfigInputStage)
    [Anonymous Symbol]                       0x0800344c   Section        0  stm32f4xx_hal_tim.o(.text.TIM_TI2_ConfigInputStage)
    UART_EndRxTransfer                       0x08003471   Thumb Code    80  stm32f4xx_hal_uart.o(.text.UART_EndRxTransfer)
    [Anonymous Symbol]                       0x08003470   Section        0  stm32f4xx_hal_uart.o(.text.UART_EndRxTransfer)
    UART_SetConfig                           0x080034c1   Thumb Code   220  stm32f4xx_hal_uart.o(.text.UART_SetConfig)
    [Anonymous Symbol]                       0x080034c0   Section        0  stm32f4xx_hal_uart.o(.text.UART_SetConfig)
    UART_WaitOnFlagUntilTimeout              0x0800359d   Thumb Code   136  stm32f4xx_hal_uart.o(.text.UART_WaitOnFlagUntilTimeout)
    [Anonymous Symbol]                       0x0800359c   Section        0  stm32f4xx_hal_uart.o(.text.UART_WaitOnFlagUntilTimeout)
    [Anonymous Symbol]                       0x08003624   Section        0  stm32f4xx_it.o(.text.UsageFault_Handler)
    [Anonymous Symbol]                       0x08003628   Section        0  oled.o(.text._OLED_GetUTF8Len)
    __NVIC_EnableIRQ                         0x0800365d   Thumb Code    32  stm32f4xx_hal_cortex.o(.text.__NVIC_EnableIRQ)
    [Anonymous Symbol]                       0x0800365c   Section        0  stm32f4xx_hal_cortex.o(.text.__NVIC_EnableIRQ)
    __NVIC_GetPriorityGrouping               0x0800367d   Thumb Code    16  stm32f4xx_hal_cortex.o(.text.__NVIC_GetPriorityGrouping)
    [Anonymous Symbol]                       0x0800367c   Section        0  stm32f4xx_hal_cortex.o(.text.__NVIC_GetPriorityGrouping)
    __NVIC_SetPriority                       0x0800368d   Thumb Code    34  stm32f4xx_hal_cortex.o(.text.__NVIC_SetPriority)
    [Anonymous Symbol]                       0x0800368c   Section        0  stm32f4xx_hal_cortex.o(.text.__NVIC_SetPriority)
    __NVIC_SetPriorityGrouping               0x080036b1   Thumb Code    32  stm32f4xx_hal_cortex.o(.text.__NVIC_SetPriorityGrouping)
    [Anonymous Symbol]                       0x080036b0   Section        0  stm32f4xx_hal_cortex.o(.text.__NVIC_SetPriorityGrouping)
    [Anonymous Symbol]                       0x080036d0   Section        0  dino.o(.text.displayScore)
    [Anonymous Symbol]                       0x0800377c   Section        0  dino.o(.text.introMessage)
    [Anonymous Symbol]                       0x080037dc   Section        0  main.o(.text.main)
    [Anonymous Symbol]                       0x08003b38   Section        0  dino.o(.text.moveDino)
    [Anonymous Symbol]                       0x08003b68   Section        0  dino.o(.text.moveTree)
    [Anonymous Symbol]                       0x08003b8c   Section        0  dino.o(.text.play)
    [Anonymous Symbol]                       0x08003ec0   Section        0  dino.o(.text.showLine)
    $v0                                      0x08003efc   Number         0  fpinit.o(x$fpl$fpinit)
    x$fpl$fpinit                             0x08003efc   Section       26  fpinit.o(x$fpl$fpinit)
    .L.str.2                                 0x0800677c   Data           3  dino.o(.rodata.str1.1)
    [Anonymous Symbol]                       0x0800677c   Section        0  dino.o(.rodata.str1.1)
    .L.str.5                                 0x0800677f   Data          13  dino.o(.rodata.str1.1)
    .bss                                     0x20000010   Section       96  libspace.o(.bss)
    OLED_SendCmd.sendBuffer                  0x20000470   Data           2  oled.o(.bss.OLED_SendCmd.sendBuffer)
    [Anonymous Symbol]                       0x20000470   Section        0  oled.o(.bss.OLED_SendCmd.sendBuffer)
    OLED_ShowFrame.sendBuffer                0x20000472   Data         129  oled.o(.bss.OLED_ShowFrame.sendBuffer)
    [Anonymous Symbol]                       0x20000472   Section        0  oled.o(.bss.OLED_ShowFrame.sendBuffer)
    displayScore.tmp                         0x200006d4   Data          15  dino.o(.bss.displayScore.tmp)
    [Anonymous Symbol]                       0x200006d4   Section        0  dino.o(.bss.displayScore.tmp)
    Heap_Mem                                 0x20000878   Data         512  startup_stm32f401xc.o(HEAP)
    HEAP                                     0x20000878   Section      512  startup_stm32f401xc.o(HEAP)
    Stack_Mem                                0x20000a78   Data        1024  startup_stm32f401xc.o(STACK)
    STACK                                    0x20000a78   Section     1024  startup_stm32f401xc.o(STACK)
    __initial_sp                             0x20000e78   Data           0  startup_stm32f401xc.o(STACK)

    Global Symbols

    Symbol Name                              Value     Ov Type        Size  Object(Section)

    BuildAttributes$$THM_ISAv4$E$P$D$K$B$S$7EM$VFPi3$EXTD16$VFPS$VFMA$PE$A:L22UL41UL21$X:L11$S22US41US21$IEEE1$IW$~IW$USESV6$~STKCKD$USESV7$~SHL$OTIME$ROPI$EBA8$UX$STANDARDLIB$REQ8$PRES8$EABIv2 0x00000000   Number         0  anon$$obj.o ABSOLUTE
    __ARM_exceptions_init                     - Undefined Weak Reference
    __alloca_initialize                       - Undefined Weak Reference
    __arm_preinit_                            - Undefined Weak Reference
    __cpp_initialize__aeabi_                  - Undefined Weak Reference
    __cxa_finalize                            - Undefined Weak Reference
    __rt_locale                               - Undefined Weak Reference
    __sigvec_lookup                           - Undefined Weak Reference
    _atexit_init                              - Undefined Weak Reference
    _call_atexit_fns                          - Undefined Weak Reference
    _clock_init                               - Undefined Weak Reference
    _fp_trap_init                             - Undefined Weak Reference
    _fp_trap_shutdown                         - Undefined Weak Reference
    _get_lc_collate                           - Undefined Weak Reference
    _get_lc_ctype                             - Undefined Weak Reference
    _get_lc_monetary                          - Undefined Weak Reference
    _get_lc_numeric                           - Undefined Weak Reference
    _get_lc_time                              - Undefined Weak Reference
    _getenv_init                              - Undefined Weak Reference
    _handle_redirection                       - Undefined Weak Reference
    _init_alloc                               - Undefined Weak Reference
    _init_user_alloc                          - Undefined Weak Reference
    _initio                                   - Undefined Weak Reference
    _printf_post_padding                      - Undefined Weak Reference
    _printf_pre_padding                       - Undefined Weak Reference
    _printf_truncate_signed                   - Undefined Weak Reference
    _printf_truncate_unsigned                 - Undefined Weak Reference
    _rand_init                                - Undefined Weak Reference
    _signal_finish                            - Undefined Weak Reference
    _signal_init                              - Undefined Weak Reference
    _terminate_alloc                          - Undefined Weak Reference
    _terminate_user_alloc                     - Undefined Weak Reference
    _terminateio                              - Undefined Weak Reference
    __Vectors_Size                           0x00000194   Number         0  startup_stm32f401xc.o ABSOLUTE
    __Vectors                                0x08000000   Data           4  startup_stm32f401xc.o(RESET)
    __Vectors_End                            0x08000194   Data           0  startup_stm32f401xc.o(RESET)
    __main                                   0x08000195   Thumb Code     8  __main.o(!!!main)
    __scatterload                            0x0800019d   Thumb Code     0  __scatter.o(!!!scatter)
    __scatterload_rt2                        0x0800019d   Thumb Code    44  __scatter.o(!!!scatter)
    __scatterload_rt2_thumb_only             0x0800019d   Thumb Code     0  __scatter.o(!!!scatter)
    __scatterload_null                       0x080001ab   Thumb Code     0  __scatter.o(!!!scatter)
    __scatterload_copy                       0x080001d1   Thumb Code    26  __scatter_copy.o(!!handler_copy)
    __scatterload_zeroinit                   0x080001ed   Thumb Code    28  __scatter_zi.o(!!handler_zi)
    _printf_d                                0x08000209   Thumb Code     0  _printf_d.o(.ARM.Collect$$_printf_percent$$00000009)
    _printf_percent                          0x08000209   Thumb Code     0  _printf_percent.o(.ARM.Collect$$_printf_percent$$00000000)
    _printf_percent_end                      0x0800020f   Thumb Code     0  _printf_percent_end.o(.ARM.Collect$$_printf_percent$$00000017)
    __rt_lib_init                            0x08000213   Thumb Code     0  libinit.o(.ARM.Collect$$libinit$$00000000)
    __rt_lib_init_fp_1                       0x08000215   Thumb Code     0  libinit2.o(.ARM.Collect$$libinit$$00000001)
    __rt_lib_init_alloca_1                   0x08000219   Thumb Code     0  libinit2.o(.ARM.Collect$$libinit$$0000002E)
    __rt_lib_init_argv_1                     0x08000219   Thumb Code     0  libinit2.o(.ARM.Collect$$libinit$$0000002C)
    __rt_lib_init_atexit_1                   0x08000219   Thumb Code     0  libinit2.o(.ARM.Collect$$libinit$$0000001B)
    __rt_lib_init_clock_1                    0x08000219   Thumb Code     0  libinit2.o(.ARM.Collect$$libinit$$00000021)
    __rt_lib_init_cpp_1                      0x08000219   Thumb Code     0  libinit2.o(.ARM.Collect$$libinit$$00000032)
    __rt_lib_init_exceptions_1               0x08000219   Thumb Code     0  libinit2.o(.ARM.Collect$$libinit$$00000030)
    __rt_lib_init_fp_trap_1                  0x08000219   Thumb Code     0  libinit2.o(.ARM.Collect$$libinit$$0000001F)
    __rt_lib_init_getenv_1                   0x08000219   Thumb Code     0  libinit2.o(.ARM.Collect$$libinit$$00000023)
    __rt_lib_init_heap_1                     0x08000219   Thumb Code     0  libinit2.o(.ARM.Collect$$libinit$$0000000A)
    __rt_lib_init_lc_collate_1               0x08000219   Thumb Code     0  libinit2.o(.ARM.Collect$$libinit$$00000011)
    __rt_lib_init_lc_ctype_1                 0x08000219   Thumb Code     0  libinit2.o(.ARM.Collect$$libinit$$00000013)
    __rt_lib_init_lc_monetary_1              0x08000219   Thumb Code     0  libinit2.o(.ARM.Collect$$libinit$$00000015)
    __rt_lib_init_lc_numeric_1               0x08000219   Thumb Code     0  libinit2.o(.ARM.Collect$$libinit$$00000017)
    __rt_lib_init_lc_time_1                  0x08000219   Thumb Code     0  libinit2.o(.ARM.Collect$$libinit$$00000019)
    __rt_lib_init_preinit_1                  0x08000219   Thumb Code     0  libinit2.o(.ARM.Collect$$libinit$$00000004)
    __rt_lib_init_rand_1                     0x08000219   Thumb Code     0  libinit2.o(.ARM.Collect$$libinit$$0000000E)
    __rt_lib_init_return                     0x08000219   Thumb Code     0  libinit2.o(.ARM.Collect$$libinit$$00000033)
    __rt_lib_init_signal_1                   0x08000219   Thumb Code     0  libinit2.o(.ARM.Collect$$libinit$$0000001D)
    __rt_lib_init_stdio_1                    0x08000219   Thumb Code     0  libinit2.o(.ARM.Collect$$libinit$$00000025)
    __rt_lib_init_user_alloc_1               0x08000219   Thumb Code     0  libinit2.o(.ARM.Collect$$libinit$$0000000C)
    __rt_lib_shutdown                        0x0800021b   Thumb Code     0  libshutdown.o(.ARM.Collect$$libshutdown$$00000000)
    __rt_lib_shutdown_cpp_1                  0x0800021d   Thumb Code     0  libshutdown2.o(.ARM.Collect$$libshutdown$$00000002)
    __rt_lib_shutdown_fp_trap_1              0x0800021d   Thumb Code     0  libshutdown2.o(.ARM.Collect$$libshutdown$$00000007)
    __rt_lib_shutdown_heap_1                 0x0800021d   Thumb Code     0  libshutdown2.o(.ARM.Collect$$libshutdown$$0000000F)
    __rt_lib_shutdown_return                 0x0800021d   Thumb Code     0  libshutdown2.o(.ARM.Collect$$libshutdown$$00000010)
    __rt_lib_shutdown_signal_1               0x0800021d   Thumb Code     0  libshutdown2.o(.ARM.Collect$$libshutdown$$0000000A)
    __rt_lib_shutdown_stdio_1                0x0800021d   Thumb Code     0  libshutdown2.o(.ARM.Collect$$libshutdown$$00000004)
    __rt_lib_shutdown_user_alloc_1           0x0800021d   Thumb Code     0  libshutdown2.o(.ARM.Collect$$libshutdown$$0000000C)
    __rt_entry                               0x0800021f   Thumb Code     0  __rtentry.o(.ARM.Collect$$rtentry$$00000000)
    __rt_entry_presh_1                       0x0800021f   Thumb Code     0  __rtentry2.o(.ARM.Collect$$rtentry$$00000002)
    __rt_entry_sh                            0x0800021f   Thumb Code     0  __rtentry4.o(.ARM.Collect$$rtentry$$00000004)
    __rt_entry_li                            0x08000225   Thumb Code     0  __rtentry2.o(.ARM.Collect$$rtentry$$0000000A)
    __rt_entry_postsh_1                      0x08000225   Thumb Code     0  __rtentry2.o(.ARM.Collect$$rtentry$$00000009)
    __rt_entry_main                          0x08000229   Thumb Code     0  __rtentry2.o(.ARM.Collect$$rtentry$$0000000D)
    __rt_entry_postli_1                      0x08000229   Thumb Code     0  __rtentry2.o(.ARM.Collect$$rtentry$$0000000C)
    __rt_exit                                0x08000231   Thumb Code     0  rtexit.o(.ARM.Collect$$rtexit$$00000000)
    __rt_exit_ls                             0x08000233   Thumb Code     0  rtexit2.o(.ARM.Collect$$rtexit$$00000003)
    __rt_exit_prels_1                        0x08000233   Thumb Code     0  rtexit2.o(.ARM.Collect$$rtexit$$00000002)
    __rt_exit_exit                           0x08000237   Thumb Code     0  rtexit2.o(.ARM.Collect$$rtexit$$00000004)
    Reset_Handler                            0x0800023d   Thumb Code     8  startup_stm32f401xc.o(.text)
    ADC_IRQHandler                           0x08000257   Thumb Code     0  startup_stm32f401xc.o(.text)
    DMA1_Stream0_IRQHandler                  0x08000257   Thumb Code     0  startup_stm32f401xc.o(.text)
    DMA1_Stream1_IRQHandler                  0x08000257   Thumb Code     0  startup_stm32f401xc.o(.text)
    DMA1_Stream2_IRQHandler                  0x08000257   Thumb Code     0  startup_stm32f401xc.o(.text)
    DMA1_Stream3_IRQHandler                  0x08000257   Thumb Code     0  startup_stm32f401xc.o(.text)
    DMA1_Stream4_IRQHandler                  0x08000257   Thumb Code     0  startup_stm32f401xc.o(.text)
    DMA1_Stream6_IRQHandler                  0x08000257   Thumb Code     0  startup_stm32f401xc.o(.text)
    DMA1_Stream7_IRQHandler                  0x08000257   Thumb Code     0  startup_stm32f401xc.o(.text)
    DMA2_Stream0_IRQHandler                  0x08000257   Thumb Code     0  startup_stm32f401xc.o(.text)
    DMA2_Stream1_IRQHandler                  0x08000257   Thumb Code     0  startup_stm32f401xc.o(.text)
    DMA2_Stream2_IRQHandler                  0x08000257   Thumb Code     0  startup_stm32f401xc.o(.text)
    DMA2_Stream3_IRQHandler                  0x08000257   Thumb Code     0  startup_stm32f401xc.o(.text)
    DMA2_Stream4_IRQHandler                  0x08000257   Thumb Code     0  startup_stm32f401xc.o(.text)
    DMA2_Stream5_IRQHandler                  0x08000257   Thumb Code     0  startup_stm32f401xc.o(.text)
    DMA2_Stream6_IRQHandler                  0x08000257   Thumb Code     0  startup_stm32f401xc.o(.text)
    DMA2_Stream7_IRQHandler                  0x08000257   Thumb Code     0  startup_stm32f401xc.o(.text)
    EXTI0_IRQHandler                         0x08000257   Thumb Code     0  startup_stm32f401xc.o(.text)
    EXTI15_10_IRQHandler                     0x08000257   Thumb Code     0  startup_stm32f401xc.o(.text)
    EXTI1_IRQHandler                         0x08000257   Thumb Code     0  startup_stm32f401xc.o(.text)
    EXTI2_IRQHandler                         0x08000257   Thumb Code     0  startup_stm32f401xc.o(.text)
    EXTI3_IRQHandler                         0x08000257   Thumb Code     0  startup_stm32f401xc.o(.text)
    EXTI4_IRQHandler                         0x08000257   Thumb Code     0  startup_stm32f401xc.o(.text)
    EXTI9_5_IRQHandler                       0x08000257   Thumb Code     0  startup_stm32f401xc.o(.text)
    FLASH_IRQHandler                         0x08000257   Thumb Code     0  startup_stm32f401xc.o(.text)
    FPU_IRQHandler                           0x08000257   Thumb Code     0  startup_stm32f401xc.o(.text)
    I2C1_ER_IRQHandler                       0x08000257   Thumb Code     0  startup_stm32f401xc.o(.text)
    I2C1_EV_IRQHandler                       0x08000257   Thumb Code     0  startup_stm32f401xc.o(.text)
    I2C2_ER_IRQHandler                       0x08000257   Thumb Code     0  startup_stm32f401xc.o(.text)
    I2C2_EV_IRQHandler                       0x08000257   Thumb Code     0  startup_stm32f401xc.o(.text)
    I2C3_ER_IRQHandler                       0x08000257   Thumb Code     0  startup_stm32f401xc.o(.text)
    I2C3_EV_IRQHandler                       0x08000257   Thumb Code     0  startup_stm32f401xc.o(.text)
    OTG_FS_IRQHandler                        0x08000257   Thumb Code     0  startup_stm32f401xc.o(.text)
    OTG_FS_WKUP_IRQHandler                   0x08000257   Thumb Code     0  startup_stm32f401xc.o(.text)
    PVD_IRQHandler                           0x08000257   Thumb Code     0  startup_stm32f401xc.o(.text)
    RCC_IRQHandler                           0x08000257   Thumb Code     0  startup_stm32f401xc.o(.text)
    RTC_Alarm_IRQHandler                     0x08000257   Thumb Code     0  startup_stm32f401xc.o(.text)
    RTC_WKUP_IRQHandler                      0x08000257   Thumb Code     0  startup_stm32f401xc.o(.text)
    SDIO_IRQHandler                          0x08000257   Thumb Code     0  startup_stm32f401xc.o(.text)
    SPI1_IRQHandler                          0x08000257   Thumb Code     0  startup_stm32f401xc.o(.text)
    SPI2_IRQHandler                          0x08000257   Thumb Code     0  startup_stm32f401xc.o(.text)
    SPI3_IRQHandler                          0x08000257   Thumb Code     0  startup_stm32f401xc.o(.text)
    SPI4_IRQHandler                          0x08000257   Thumb Code     0  startup_stm32f401xc.o(.text)
    TAMP_STAMP_IRQHandler                    0x08000257   Thumb Code     0  startup_stm32f401xc.o(.text)
    TIM1_BRK_TIM9_IRQHandler                 0x08000257   Thumb Code     0  startup_stm32f401xc.o(.text)
    TIM1_CC_IRQHandler                       0x08000257   Thumb Code     0  startup_stm32f401xc.o(.text)
    TIM1_TRG_COM_TIM11_IRQHandler            0x08000257   Thumb Code     0  startup_stm32f401xc.o(.text)
    TIM1_UP_TIM10_IRQHandler                 0x08000257   Thumb Code     0  startup_stm32f401xc.o(.text)
    TIM2_IRQHandler                          0x08000257   Thumb Code     0  startup_stm32f401xc.o(.text)
    TIM3_IRQHandler                          0x08000257   Thumb Code     0  startup_stm32f401xc.o(.text)
    TIM4_IRQHandler                          0x08000257   Thumb Code     0  startup_stm32f401xc.o(.text)
    TIM5_IRQHandler                          0x08000257   Thumb Code     0  startup_stm32f401xc.o(.text)
    USART1_IRQHandler                        0x08000257   Thumb Code     0  startup_stm32f401xc.o(.text)
    USART2_IRQHandler                        0x08000257   Thumb Code     0  startup_stm32f401xc.o(.text)
    USART6_IRQHandler                        0x08000257   Thumb Code     0  startup_stm32f401xc.o(.text)
    WWDG_IRQHandler                          0x08000257   Thumb Code     0  startup_stm32f401xc.o(.text)
    __user_initial_stackheap                 0x08000259   Thumb Code     0  startup_stm32f401xc.o(.text)
    __aeabi_uldivmod                         0x0800027d   Thumb Code     0  lludivv7m.o(.text)
    _ll_udiv                                 0x0800027d   Thumb Code   240  lludivv7m.o(.text)
    __2sprintf                               0x0800036d   Thumb Code    34  noretval__2sprintf.o(.text)
    __printf                                 0x08000395   Thumb Code   104  __printf.o(.text)
    _printf_int_dec                          0x080003fd   Thumb Code   104  _printf_dec.o(.text)
    memcmp                                   0x08000475   Thumb Code    88  memcmp.o(.text)
    __aeabi_memcpy                           0x080004cd   Thumb Code     0  rt_memcpy_v6.o(.text)
    __rt_memcpy                              0x080004cd   Thumb Code   138  rt_memcpy_v6.o(.text)
    _memcpy_lastbytes                        0x08000533   Thumb Code     0  rt_memcpy_v6.o(.text)
    __aeabi_memclr4                          0x08000557   Thumb Code     0  rt_memclr_w.o(.text)
    __aeabi_memclr8                          0x08000557   Thumb Code     0  rt_memclr_w.o(.text)
    __rt_memclr_w                            0x08000557   Thumb Code    78  rt_memclr_w.o(.text)
    _memset_w                                0x0800055b   Thumb Code     0  rt_memclr_w.o(.text)
    __use_two_region_memory                  0x080005a5   Thumb Code     2  heapauxi.o(.text)
    __rt_heap_escrow$2region                 0x080005a7   Thumb Code     2  heapauxi.o(.text)
    __rt_heap_expand$2region                 0x080005a9   Thumb Code     2  heapauxi.o(.text)
    _printf_int_common                       0x080005ab   Thumb Code   178  _printf_intcommon.o(.text)
    _printf_char_common                      0x08000667   Thumb Code    32  _printf_char_common.o(.text)
    _sputc                                   0x0800068d   Thumb Code    10  _sputc.o(.text)
    __aeabi_memcpy4                          0x08000697   Thumb Code     0  rt_memcpy_w.o(.text)
    __aeabi_memcpy8                          0x08000697   Thumb Code     0  rt_memcpy_w.o(.text)
    __rt_memcpy_w                            0x08000697   Thumb Code   100  rt_memcpy_w.o(.text)
    _memcpy_lastbytes_aligned                0x080006df   Thumb Code     0  rt_memcpy_w.o(.text)
    __user_setup_stackheap                   0x080006fb   Thumb Code    74  sys_stackheap_outer.o(.text)
    exit                                     0x08000745   Thumb Code    18  exit.o(.text)
    __user_libspace                          0x08000759   Thumb Code     8  libspace.o(.text)
    __user_perproc_libspace                  0x08000759   Thumb Code     0  libspace.o(.text)
    __user_perthread_libspace                0x08000759   Thumb Code     0  libspace.o(.text)
    _sys_exit                                0x08000761   Thumb Code     8  sys_exit.o(.text)
    __I$use$semihosting                      0x0800076d   Thumb Code     0  use_no_semi.o(.text)
    __use_no_semihosting_swi                 0x0800076d   Thumb Code     2  use_no_semi.o(.text)
    __semihosting_library_function           0x0800076f   Thumb Code     0  indicate_semi.o(.text)
    BusFault_Handler                         0x08000771   Thumb Code     2  stm32f4xx_it.o(.text.BusFault_Handler)
    DMA1_Stream5_IRQHandler                  0x08000775   Thumb Code    16  stm32f4xx_it.o(.text.DMA1_Stream5_IRQHandler)
    DebugMon_Handler                         0x08000841   Thumb Code     2  stm32f4xx_it.o(.text.DebugMon_Handler)
    Error_Handler                            0x08000845   Thumb Code     6  main.o(.text.Error_Handler)
    HAL_DMA_IRQHandler                       0x0800084d   Thumb Code   396  stm32f4xx_hal_dma.o(.text.HAL_DMA_IRQHandler)
    HAL_DMA_Init                             0x080009d9   Thumb Code   206  stm32f4xx_hal_dma.o(.text.HAL_DMA_Init)
    HAL_DMA_Start_IT                         0x08000aa9   Thumb Code    98  stm32f4xx_hal_dma.o(.text.HAL_DMA_Start_IT)
    HAL_Delay                                0x08000b0d   Thumb Code    40  stm32f4xx_hal.o(.text.HAL_Delay)
    HAL_GPIO_Init                            0x08000b35   Thumb Code   410  stm32f4xx_hal_gpio.o(.text.HAL_GPIO_Init)
    HAL_GPIO_ReadPin                         0x08000cd1   Thumb Code    10  stm32f4xx_hal_gpio.o(.text.HAL_GPIO_ReadPin)
    HAL_GPIO_TogglePin                       0x08000cdd   Thumb Code    16  stm32f4xx_hal_gpio.o(.text.HAL_GPIO_TogglePin)
    HAL_GPIO_WritePin                        0x08000ced   Thumb Code    10  stm32f4xx_hal_gpio.o(.text.HAL_GPIO_WritePin)
    HAL_GetTick                              0x08000cf9   Thumb Code    12  stm32f4xx_hal.o(.text.HAL_GetTick)
    HAL_I2C_Init                             0x08000d05   Thumb Code   398  stm32f4xx_hal_i2c.o(.text.HAL_I2C_Init)
    HAL_I2C_Master_Transmit                  0x08000e95   Thumb Code   312  stm32f4xx_hal_i2c.o(.text.HAL_I2C_Master_Transmit)
    HAL_I2C_MspInit                          0x08000fcd   Thumb Code   114  i2c.o(.text.HAL_I2C_MspInit)
    HAL_IncTick                              0x08001041   Thumb Code    26  stm32f4xx_hal.o(.text.HAL_IncTick)
    HAL_Init                                 0x0800105d   Thumb Code    54  stm32f4xx_hal.o(.text.HAL_Init)
    HAL_InitTick                             0x08001095   Thumb Code    80  stm32f4xx_hal.o(.text.HAL_InitTick)
    HAL_MspInit                              0x080010e5   Thumb Code    56  stm32f4xx_hal_msp.o(.text.HAL_MspInit)
    HAL_NVIC_EnableIRQ                       0x0800111d   Thumb Code     8  stm32f4xx_hal_cortex.o(.text.HAL_NVIC_EnableIRQ)
    HAL_NVIC_SetPriority                     0x08001125   Thumb Code    30  stm32f4xx_hal_cortex.o(.text.HAL_NVIC_SetPriority)
    HAL_NVIC_SetPriorityGrouping             0x08001145   Thumb Code     8  stm32f4xx_hal_cortex.o(.text.HAL_NVIC_SetPriorityGrouping)
    HAL_RCC_ClockConfig                      0x0800114d   Thumb Code   352  stm32f4xx_hal_rcc.o(.text.HAL_RCC_ClockConfig)
    HAL_RCC_GetHCLKFreq                      0x080012ad   Thumb Code    12  stm32f4xx_hal_rcc.o(.text.HAL_RCC_GetHCLKFreq)
    HAL_RCC_GetPCLK1Freq                     0x080012b9   Thumb Code    34  stm32f4xx_hal_rcc.o(.text.HAL_RCC_GetPCLK1Freq)
    HAL_RCC_GetPCLK2Freq                     0x080012dd   Thumb Code    34  stm32f4xx_hal_rcc.o(.text.HAL_RCC_GetPCLK2Freq)
    HAL_RCC_GetSysClockFreq                  0x08001301   Thumb Code   104  stm32f4xx_hal_rcc.o(.text.HAL_RCC_GetSysClockFreq)
    HAL_RCC_OscConfig                        0x08001369   Thumb Code   836  stm32f4xx_hal_rcc.o(.text.HAL_RCC_OscConfig)
    HAL_SYSTICK_Config                       0x080016ad   Thumb Code     8  stm32f4xx_hal_cortex.o(.text.HAL_SYSTICK_Config)
    HAL_TIMEx_MasterConfigSynchronization    0x080016b5   Thumb Code   148  stm32f4xx_hal_tim_ex.o(.text.HAL_TIMEx_MasterConfigSynchronization)
    HAL_TIM_Base_Init                        0x08001749   Thumb Code    90  stm32f4xx_hal_tim.o(.text.HAL_TIM_Base_Init)
    HAL_TIM_Base_MspInit                     0x080017a5   Thumb Code   166  tim.o(.text.HAL_TIM_Base_MspInit)
    HAL_TIM_ConfigClockSource                0x0800184d   Thumb Code   222  stm32f4xx_hal_tim.o(.text.HAL_TIM_ConfigClockSource)
    HAL_TIM_ErrorCallback                    0x0800192d   Thumb Code     2  stm32f4xx_hal_tim.o(.text.HAL_TIM_ErrorCallback)
    HAL_TIM_MspPostInit                      0x08001931   Thumb Code   138  tim.o(.text.HAL_TIM_MspPostInit)
    HAL_TIM_PWM_ConfigChannel                0x080019bd   Thumb Code   152  stm32f4xx_hal_tim.o(.text.HAL_TIM_PWM_ConfigChannel)
    HAL_TIM_PWM_Init                         0x08001a55   Thumb Code    90  stm32f4xx_hal_tim.o(.text.HAL_TIM_PWM_Init)
    HAL_TIM_PWM_MspInit                      0x08001ab1   Thumb Code     2  stm32f4xx_hal_tim.o(.text.HAL_TIM_PWM_MspInit)
    HAL_TIM_PWM_PulseFinishedCallback        0x08001ab5   Thumb Code     2  stm32f4xx_hal_tim.o(.text.HAL_TIM_PWM_PulseFinishedCallback)
    HAL_TIM_PWM_PulseFinishedHalfCpltCallback 0x08001ab9   Thumb Code     2  stm32f4xx_hal_tim.o(.text.HAL_TIM_PWM_PulseFinishedHalfCpltCallback)
    HAL_TIM_PWM_Start                        0x08001abd   Thumb Code   212  stm32f4xx_hal_tim.o(.text.HAL_TIM_PWM_Start)
    HAL_TIM_PWM_Start_DMA                    0x08001b91   Thumb Code   568  stm32f4xx_hal_tim.o(.text.HAL_TIM_PWM_Start_DMA)
    HAL_TIM_PWM_Stop                         0x08001dc9   Thumb Code   124  stm32f4xx_hal_tim.o(.text.HAL_TIM_PWM_Stop)
    HAL_UART_Init                            0x08001e45   Thumb Code    96  stm32f4xx_hal_uart.o(.text.HAL_UART_Init)
    HAL_UART_MspInit                         0x08001ea5   Thumb Code   116  usart.o(.text.HAL_UART_MspInit)
    HAL_UART_Transmit                        0x08001f19   Thumb Code   180  stm32f4xx_hal_uart.o(.text.HAL_UART_Transmit)
    HardFault_Handler                        0x08001fcd   Thumb Code     2  stm32f4xx_it.o(.text.HardFault_Handler)
    KEY_Scan                                 0x080022d1   Thumb Code   510  fzx_key.o(.text.KEY_Scan)
    MX_DMA_Init                              0x080024d1   Thumb Code    54  dma.o(.text.MX_DMA_Init)
    MX_GPIO_Init                             0x08002509   Thumb Code   286  gpio.o(.text.MX_GPIO_Init)
    MX_I2C1_Init                             0x08002629   Thumb Code    62  i2c.o(.text.MX_I2C1_Init)
    MX_TIM2_Init                             0x08002669   Thumb Code   196  tim.o(.text.MX_TIM2_Init)
    MX_TIM5_Init                             0x0800272d   Thumb Code   206  tim.o(.text.MX_TIM5_Init)
    MX_USART1_UART_Init                      0x080027fd   Thumb Code    56  usart.o(.text.MX_USART1_UART_Init)
    MemManage_Handler                        0x08002835   Thumb Code     2  stm32f4xx_it.o(.text.MemManage_Handler)
    NMI_Handler                              0x08002839   Thumb Code     2  stm32f4xx_it.o(.text.NMI_Handler)
    OLED_DrawImage                           0x08002869   Thumb Code    30  oled.o(.text.OLED_DrawImage)
    OLED_DrawLine                            0x08002889   Thumb Code   252  oled.o(.text.OLED_DrawLine)
    OLED_Init                                0x08002985   Thumb Code   180  oled.o(.text.OLED_Init)
    OLED_NewFrame                            0x08002a39   Thumb Code    20  oled.o(.text.OLED_NewFrame)
    OLED_PrintASCIIChar                      0x08002a4d   Thumb Code    42  oled.o(.text.OLED_PrintASCIIChar)
    OLED_PrintString                         0x08002a79   Thumb Code   220  oled.o(.text.OLED_PrintString)
    OLED_Send                                0x08002b55   Thumb Code    34  oled.o(.text.OLED_Send)
    OLED_SendCmd                             0x08002b79   Thumb Code    22  oled.o(.text.OLED_SendCmd)
    OLED_SetBits                             0x08002b91   Thumb Code    78  oled.o(.text.OLED_SetBits)
    OLED_SetBits_Fine                        0x08002be1   Thumb Code   102  oled.o(.text.OLED_SetBits_Fine)
    OLED_SetBlock                            0x08002c49   Thumb Code   186  oled.o(.text.OLED_SetBlock)
    OLED_SetByte_Fine                        0x08002d05   Thumb Code    96  oled.o(.text.OLED_SetByte_Fine)
    OLED_SetPixel                            0x08002d65   Thumb Code    60  oled.o(.text.OLED_SetPixel)
    OLED_ShowFrame                           0x08002da1   Thumb Code    84  oled.o(.text.OLED_ShowFrame)
    PendSV_Handler                           0x08002df5   Thumb Code     2  stm32f4xx_it.o(.text.PendSV_Handler)
    RGB_BLACK                                0x08002df9   Thumb Code    38  2812_driver.o(.text.RGB_BLACK)
    RGB_BLUE                                 0x08002e21   Thumb Code    48  2812_driver.o(.text.RGB_BLUE)
    RGB_GREEN                                0x08002e51   Thumb Code    48  2812_driver.o(.text.RGB_GREEN)
    RGB_RED                                  0x08002e81   Thumb Code    44  2812_driver.o(.text.RGB_RED)
    RGB_SendArray                            0x08002ead   Thumb Code    28  2812_driver.o(.text.RGB_SendArray)
    RGB_SetColor                             0x08002ec9   Thumb Code   136  2812_driver.o(.text.RGB_SetColor)
    RGB_WHITE                                0x08002f51   Thumb Code    38  2812_driver.o(.text.RGB_WHITE)
    Reset_Load                               0x08002f79   Thumb Code    22  2812_driver.o(.text.Reset_Load)
    SVC_Handler                              0x08002f91   Thumb Code     2  stm32f4xx_it.o(.text.SVC_Handler)
    SysTick_Handler                          0x08002fc5   Thumb Code     8  stm32f4xx_it.o(.text.SysTick_Handler)
    SystemClock_Config                       0x08002fcd   Thumb Code   156  main.o(.text.SystemClock_Config)
    SystemInit                               0x08003069   Thumb Code    18  system_stm32f4xx.o(.text.SystemInit)
    TIM_Base_SetConfig                       0x0800307d   Thumb Code   234  stm32f4xx_hal_tim.o(.text.TIM_Base_SetConfig)
    TIM_CCxChannelCmd                        0x08003169   Thumb Code    36  stm32f4xx_hal_tim.o(.text.TIM_CCxChannelCmd)
    TIM_DMADelayPulseHalfCplt                0x080031f5   Thumb Code    56  stm32f4xx_hal_tim.o(.text.TIM_DMADelayPulseHalfCplt)
    TIM_DMAError                             0x0800322d   Thumb Code    92  stm32f4xx_hal_tim.o(.text.TIM_DMAError)
    TIM_ETR_SetConfig                        0x08003289   Thumb Code    22  stm32f4xx_hal_tim.o(.text.TIM_ETR_SetConfig)
    TIM_OC2_SetConfig                        0x08003311   Thumb Code   104  stm32f4xx_hal_tim.o(.text.TIM_OC2_SetConfig)
    UsageFault_Handler                       0x08003625   Thumb Code     2  stm32f4xx_it.o(.text.UsageFault_Handler)
    _OLED_GetUTF8Len                         0x08003629   Thumb Code    50  oled.o(.text._OLED_GetUTF8Len)
    displayScore                             0x080036d1   Thumb Code   172  dino.o(.text.displayScore)
    introMessage                             0x0800377d   Thumb Code    96  dino.o(.text.introMessage)
    main                                     0x080037dd   Thumb Code   860  main.o(.text.main)
    moveDino                                 0x08003b39   Thumb Code    48  dino.o(.text.moveDino)
    moveTree                                 0x08003b69   Thumb Code    34  dino.o(.text.moveTree)
    play                                     0x08003b8d   Thumb Code   820  dino.o(.text.play)
    showLine                                 0x08003ec1   Thumb Code    60  dino.o(.text.showLine)
    _fp_init                                 0x08003efd   Thumb Code    26  fpinit.o(x$fpl$fpinit)
    __fplib_config_fpu_vfp                   0x08003f15   Thumb Code     0  fpinit.o(x$fpl$fpinit)
    __fplib_config_pureend_doubles           0x08003f15   Thumb Code     0  fpinit.o(x$fpl$fpinit)
    AHBPrescTable                            0x08003f16   Data          16  system_stm32f4xx.o(.rodata.AHBPrescTable)
    APBPrescTable                            0x08003f26   Data           8  system_stm32f4xx.o(.rodata.APBPrescTable)
    aData                                    0x08003f2e   Data         872  font.o(.rodata.aData)
    aImg                                     0x08004298   Data           8  font.o(.rodata.aImg)
    afont12x6                                0x080042a0   Data           8  font.o(.rodata.afont12x6)
    afont16x8                                0x080042a8   Data           8  font.o(.rodata.afont16x8)
    aowuData                                 0x080042b0   Data         736  font.o(.rodata.aowuData)
    aowuImg                                  0x08004590   Data           8  font.o(.rodata.aowuImg)
    ascii_12x6                               0x08004598   Data        1140  font.o(.rodata.ascii_12x6)
    ascii_16x8                               0x08004a0c   Data        1520  font.o(.rodata.ascii_16x8)
    cai1Data                                 0x08004ffc   Data         688  font.o(.rodata.cai1Data)
    cai1Img                                  0x080052ac   Data           8  font.o(.rodata.cai1Img)
    cai2Data                                 0x080052b4   Data         744  font.o(.rodata.cai2Data)
    cai2Img                                  0x0800559c   Data           8  font.o(.rodata.cai2Img)
    dino_back_legData                        0x080055a4   Data          63  dino.o(.rodata.dino_back_legData)
    dino_back_legImg                         0x080055e4   Data           8  dino.o(.rodata.dino_back_legImg)
    dino_crashedData                         0x080055ec   Data          63  dino.o(.rodata.dino_crashedData)
    dino_crashedImg                          0x0800562c   Data           8  dino.o(.rodata.dino_crashedImg)
    dino_front_legData                       0x08005634   Data          63  dino.o(.rodata.dino_front_legData)
    dino_front_legImg                        0x08005674   Data           8  dino.o(.rodata.dino_front_legImg)
    dino_jumpsData                           0x0800567c   Data          63  dino.o(.rodata.dino_jumpsData)
    dino_jumpsImg                            0x080056bc   Data           8  dino.o(.rodata.dino_jumpsImg)
    enData                                   0x080056c4   Data         768  font.o(.rodata.enData)
    enImg                                    0x080059c4   Data           8  font.o(.rodata.enImg)
    enenData                                 0x080059cc   Data         632  font.o(.rodata.enenData)
    enenImg                                  0x08005c44   Data           8  font.o(.rodata.enenImg)
    font12x12                                0x08005c4c   Data          16  font.o(.rodata.font12x12)
    font16x16                                0x08005c5c   Data          16  font.o(.rodata.font16x16)
    jiData                                   0x08005c6c   Data         512  font.o(.rodata.jiData)
    jiImg                                    0x08005e6c   Data           8  font.o(.rodata.jiImg)
    muaData                                  0x08005e74   Data         688  font.o(.rodata.muaData)
    muaImg                                   0x08006124   Data           8  font.o(.rodata.muaImg)
    none1Data                                0x0800612c   Data         936  font.o(.rodata.none1Data)
    none1Img                                 0x080064d4   Data           8  font.o(.rodata.none1Img)
    smileiData                               0x080064dc   Data         664  font.o(.rodata.smileiData)
    smileiImg                                0x08006774   Data           8  font.o(.rodata.smileiImg)
    time_distance                            0x0800678c   Data          38  dino.o(.rodata.time_distance)
    tree_bigData                             0x080067b2   Data          36  dino.o(.rodata.tree_bigData)
    tree_bigImg                              0x080067d8   Data           8  dino.o(.rodata.tree_bigImg)
    tree_smallData                           0x080067e0   Data          12  dino.o(.rodata.tree_smallData)
    tree_smallImg                            0x080067ec   Data           8  dino.o(.rodata.tree_smallImg)
    winkData                                 0x080067f4   Data         728  font.o(.rodata.winkData)
    winkImg                                  0x08006acc   Data           8  font.o(.rodata.winkImg)
    xixiData                                 0x08006ad4   Data         952  font.o(.rodata.xixiData)
    xixiImg                                  0x08006e8c   Data           8  font.o(.rodata.xixiImg)
    zh12x12                                  0x08006e94   Data         336  font.o(.rodata.zh12x12)
    zh16x16                                  0x08006fe4   Data         612  font.o(.rodata.zh16x16)
    Region$$Table$$Base                      0x08007248   Number         0  anon$$obj.o(Region$$Table)
    Region$$Table$$Limit                     0x08007268   Number         0  anon$$obj.o(Region$$Table)
    SystemCoreClock                          0x20000000   Data           4  system_stm32f4xx.o(.data.SystemCoreClock)
    uwTickFreq                               0x20000004   Data           1  stm32f4xx_hal.o(.data.uwTickFreq)
    uwTickPrio                               0x20000008   Data           4  stm32f4xx_hal.o(.data.uwTickPrio)
    __libspace_start                         0x20000010   Data          96  libspace.o(.bss)
    OLED_GRAM                                0x20000070   Data        1024  oled.o(.bss.OLED_GRAM)
    __temporary_stack_top$libspace           0x20000070   Data           0  libspace.o(.bss)
    Pixel_Buf                                0x200004f4   Data         480  2812_driver.o(.bss.Pixel_Buf)
    hdma_tim2_ch1                            0x200006e4   Data          96  tim.o(.bss.hdma_tim2_ch1)
    hi2c1                                    0x20000744   Data          84  i2c.o(.bss.hi2c1)
    highest_score                            0x20000798   Data           4  dino.o(.bss.highest_score)
    htim2                                    0x2000079c   Data          72  tim.o(.bss.htim2)
    htim5                                    0x200007e4   Data          72  tim.o(.bss.htim5)
    huart1                                   0x2000082c   Data          72  usart.o(.bss.huart1)
    uwTick                                   0x20000874   Data           4  stm32f4xx_hal.o(.bss.uwTick)



==============================================================================

Memory Map of the image

  Image Entry point : 0x08000195

  Load Region LR_IROM1 (Base: 0x08000000, Size: 0x00007278, Max: 0x00040000, ABSOLUTE)

    Execution Region ER_IROM1 (Exec base: 0x08000000, Load base: 0x08000000, Size: 0x00007268, Max: 0x00040000, ABSOLUTE)

    Exec Addr    Load Addr    Size         Type   Attr      Idx    E Section Name        Object

    0x08000000   0x08000000   0x00000194   Data   RO            3    RESET               startup_stm32f401xc.o
    0x08000194   0x08000194   0x00000008   Code   RO         1496  * !!!main             c_w.l(__main.o)
    0x0800019c   0x0800019c   0x00000034   Code   RO         1703    !!!scatter          c_w.l(__scatter.o)
    0x080001d0   0x080001d0   0x0000001a   Code   RO         1705    !!handler_copy      c_w.l(__scatter_copy.o)
    0x080001ea   0x080001ea   0x00000002   PAD
    0x080001ec   0x080001ec   0x0000001c   Code   RO         1707    !!handler_zi        c_w.l(__scatter_zi.o)
    0x08000208   0x08000208   0x00000000   Code   RO         1487    .ARM.Collect$$_printf_percent$$00000000  c_w.l(_printf_percent.o)
    0x08000208   0x08000208   0x00000006   Code   RO         1486    .ARM.Collect$$_printf_percent$$00000009  c_w.l(_printf_d.o)
    0x0800020e   0x0800020e   0x00000004   Code   RO         1527    .ARM.Collect$$_printf_percent$$00000017  c_w.l(_printf_percent_end.o)
    0x08000212   0x08000212   0x00000002   Code   RO         1567    .ARM.Collect$$libinit$$00000000  c_w.l(libinit.o)
    0x08000214   0x08000214   0x00000004   Code   RO         1579    .ARM.Collect$$libinit$$00000001  c_w.l(libinit2.o)
    0x08000218   0x08000218   0x00000000   Code   RO         1582    .ARM.Collect$$libinit$$00000004  c_w.l(libinit2.o)
    0x08000218   0x08000218   0x00000000   Code   RO         1585    .ARM.Collect$$libinit$$0000000A  c_w.l(libinit2.o)
    0x08000218   0x08000218   0x00000000   Code   RO         1587    .ARM.Collect$$libinit$$0000000C  c_w.l(libinit2.o)
    0x08000218   0x08000218   0x00000000   Code   RO         1589    .ARM.Collect$$libinit$$0000000E  c_w.l(libinit2.o)
    0x08000218   0x08000218   0x00000000   Code   RO         1592    .ARM.Collect$$libinit$$00000011  c_w.l(libinit2.o)
    0x08000218   0x08000218   0x00000000   Code   RO         1594    .ARM.Collect$$libinit$$00000013  c_w.l(libinit2.o)
    0x08000218   0x08000218   0x00000000   Code   RO         1596    .ARM.Collect$$libinit$$00000015  c_w.l(libinit2.o)
    0x08000218   0x08000218   0x00000000   Code   RO         1598    .ARM.Collect$$libinit$$00000017  c_w.l(libinit2.o)
    0x08000218   0x08000218   0x00000000   Code   RO         1600    .ARM.Collect$$libinit$$00000019  c_w.l(libinit2.o)
    0x08000218   0x08000218   0x00000000   Code   RO         1602    .ARM.Collect$$libinit$$0000001B  c_w.l(libinit2.o)
    0x08000218   0x08000218   0x00000000   Code   RO         1604    .ARM.Collect$$libinit$$0000001D  c_w.l(libinit2.o)
    0x08000218   0x08000218   0x00000000   Code   RO         1606    .ARM.Collect$$libinit$$0000001F  c_w.l(libinit2.o)
    0x08000218   0x08000218   0x00000000   Code   RO         1608    .ARM.Collect$$libinit$$00000021  c_w.l(libinit2.o)
    0x08000218   0x08000218   0x00000000   Code   RO         1610    .ARM.Collect$$libinit$$00000023  c_w.l(libinit2.o)
    0x08000218   0x08000218   0x00000000   Code   RO         1612    .ARM.Collect$$libinit$$00000025  c_w.l(libinit2.o)
    0x08000218   0x08000218   0x00000000   Code   RO         1616    .ARM.Collect$$libinit$$0000002C  c_w.l(libinit2.o)
    0x08000218   0x08000218   0x00000000   Code   RO         1618    .ARM.Collect$$libinit$$0000002E  c_w.l(libinit2.o)
    0x08000218   0x08000218   0x00000000   Code   RO         1620    .ARM.Collect$$libinit$$00000030  c_w.l(libinit2.o)
    0x08000218   0x08000218   0x00000000   Code   RO         1622    .ARM.Collect$$libinit$$00000032  c_w.l(libinit2.o)
    0x08000218   0x08000218   0x00000002   Code   RO         1623    .ARM.Collect$$libinit$$00000033  c_w.l(libinit2.o)
    0x0800021a   0x0800021a   0x00000002   Code   RO         1658    .ARM.Collect$$libshutdown$$00000000  c_w.l(libshutdown.o)
    0x0800021c   0x0800021c   0x00000000   Code   RO         1686    .ARM.Collect$$libshutdown$$00000002  c_w.l(libshutdown2.o)
    0x0800021c   0x0800021c   0x00000000   Code   RO         1688    .ARM.Collect$$libshutdown$$00000004  c_w.l(libshutdown2.o)
    0x0800021c   0x0800021c   0x00000000   Code   RO         1691    .ARM.Collect$$libshutdown$$00000007  c_w.l(libshutdown2.o)
    0x0800021c   0x0800021c   0x00000000   Code   RO         1694    .ARM.Collect$$libshutdown$$0000000A  c_w.l(libshutdown2.o)
    0x0800021c   0x0800021c   0x00000000   Code   RO         1696    .ARM.Collect$$libshutdown$$0000000C  c_w.l(libshutdown2.o)
    0x0800021c   0x0800021c   0x00000000   Code   RO         1699    .ARM.Collect$$libshutdown$$0000000F  c_w.l(libshutdown2.o)
    0x0800021c   0x0800021c   0x00000002   Code   RO         1700    .ARM.Collect$$libshutdown$$00000010  c_w.l(libshutdown2.o)
    0x0800021e   0x0800021e   0x00000000   Code   RO         1516    .ARM.Collect$$rtentry$$00000000  c_w.l(__rtentry.o)
    0x0800021e   0x0800021e   0x00000000   Code   RO         1536    .ARM.Collect$$rtentry$$00000002  c_w.l(__rtentry2.o)
    0x0800021e   0x0800021e   0x00000006   Code   RO         1548    .ARM.Collect$$rtentry$$00000004  c_w.l(__rtentry4.o)
    0x08000224   0x08000224   0x00000000   Code   RO         1538    .ARM.Collect$$rtentry$$00000009  c_w.l(__rtentry2.o)
    0x08000224   0x08000224   0x00000004   Code   RO         1539    .ARM.Collect$$rtentry$$0000000A  c_w.l(__rtentry2.o)
    0x08000228   0x08000228   0x00000000   Code   RO         1541    .ARM.Collect$$rtentry$$0000000C  c_w.l(__rtentry2.o)
    0x08000228   0x08000228   0x00000008   Code   RO         1542    .ARM.Collect$$rtentry$$0000000D  c_w.l(__rtentry2.o)
    0x08000230   0x08000230   0x00000002   Code   RO         1571    .ARM.Collect$$rtexit$$00000000  c_w.l(rtexit.o)
    0x08000232   0x08000232   0x00000000   Code   RO         1629    .ARM.Collect$$rtexit$$00000002  c_w.l(rtexit2.o)
    0x08000232   0x08000232   0x00000004   Code   RO         1630    .ARM.Collect$$rtexit$$00000003  c_w.l(rtexit2.o)
    0x08000236   0x08000236   0x00000006   Code   RO         1631    .ARM.Collect$$rtexit$$00000004  c_w.l(rtexit2.o)
    0x0800023c   0x0800023c   0x00000040   Code   RO            4    .text               startup_stm32f401xc.o
    0x0800027c   0x0800027c   0x000000f0   Code   RO         1456    .text               c_w.l(lludivv7m.o)
    0x0800036c   0x0800036c   0x00000028   Code   RO         1460    .text               c_w.l(noretval__2sprintf.o)
    0x08000394   0x08000394   0x00000068   Code   RO         1462    .text               c_w.l(__printf.o)
    0x080003fc   0x080003fc   0x00000078   Code   RO         1464    .text               c_w.l(_printf_dec.o)
    0x08000474   0x08000474   0x00000058   Code   RO         1488    .text               c_w.l(memcmp.o)
    0x080004cc   0x080004cc   0x0000008a   Code   RO         1490    .text               c_w.l(rt_memcpy_v6.o)
    0x08000556   0x08000556   0x0000004e   Code   RO         1492    .text               c_w.l(rt_memclr_w.o)
    0x080005a4   0x080005a4   0x00000006   Code   RO         1494    .text               c_w.l(heapauxi.o)
    0x080005aa   0x080005aa   0x000000b2   Code   RO         1521    .text               c_w.l(_printf_intcommon.o)
    0x0800065c   0x0800065c   0x00000030   Code   RO         1523    .text               c_w.l(_printf_char_common.o)
    0x0800068c   0x0800068c   0x0000000a   Code   RO         1525    .text               c_w.l(_sputc.o)
    0x08000696   0x08000696   0x00000064   Code   RO         1528    .text               c_w.l(rt_memcpy_w.o)
    0x080006fa   0x080006fa   0x0000004a   Code   RO         1554    .text               c_w.l(sys_stackheap_outer.o)
    0x08000744   0x08000744   0x00000012   Code   RO         1556    .text               c_w.l(exit.o)
    0x08000756   0x08000756   0x00000002   PAD
    0x08000758   0x08000758   0x00000008   Code   RO         1568    .text               c_w.l(libspace.o)
    0x08000760   0x08000760   0x0000000c   Code   RO         1624    .text               c_w.l(sys_exit.o)
    0x0800076c   0x0800076c   0x00000002   Code   RO         1647    .text               c_w.l(use_no_semi.o)
    0x0800076e   0x0800076e   0x00000000   Code   RO         1649    .text               c_w.l(indicate_semi.o)
    0x0800076e   0x0800076e   0x00000002   PAD
    0x08000770   0x08000770   0x00000002   Code   RO          102    .text.BusFault_Handler  stm32f4xx_it.o
    0x08000772   0x08000772   0x00000002   PAD
    0x08000774   0x08000774   0x00000010   Code   RO          114    .text.DMA1_Stream5_IRQHandler  stm32f4xx_it.o
    0x08000784   0x08000784   0x0000003c   Code   RO          511    .text.DMA_CalcBaseAndBitshift  stm32f4xx_hal_dma.o
    0x080007c0   0x080007c0   0x00000050   Code   RO          509    .text.DMA_CheckFifoParam  stm32f4xx_hal_dma.o
    0x08000810   0x08000810   0x00000030   Code   RO          517    .text.DMA_SetConfig  stm32f4xx_hal_dma.o
    0x08000840   0x08000840   0x00000002   Code   RO          108    .text.DebugMon_Handler  stm32f4xx_it.o
    0x08000842   0x08000842   0x00000002   PAD
    0x08000844   0x08000844   0x00000006   Code   RO           15    .text.Error_Handler  main.o
    0x0800084a   0x0800084a   0x00000002   PAD
    0x0800084c   0x0800084c   0x0000018c   Code   RO          527    .text.HAL_DMA_IRQHandler  stm32f4xx_hal_dma.o
    0x080009d8   0x080009d8   0x000000ce   Code   RO          507    .text.HAL_DMA_Init  stm32f4xx_hal_dma.o
    0x08000aa6   0x08000aa6   0x00000002   PAD
    0x08000aa8   0x08000aa8   0x00000062   Code   RO          519    .text.HAL_DMA_Start_IT  stm32f4xx_hal_dma.o
    0x08000b0a   0x08000b0a   0x00000002   PAD
    0x08000b0c   0x08000b0c   0x00000028   Code   RO          709    .text.HAL_Delay     stm32f4xx_hal.o
    0x08000b34   0x08000b34   0x0000019a   Code   RO          467    .text.HAL_GPIO_Init  stm32f4xx_hal_gpio.o
    0x08000cce   0x08000cce   0x00000002   PAD
    0x08000cd0   0x08000cd0   0x0000000a   Code   RO          471    .text.HAL_GPIO_ReadPin  stm32f4xx_hal_gpio.o
    0x08000cda   0x08000cda   0x00000002   PAD
    0x08000cdc   0x08000cdc   0x00000010   Code   RO          475    .text.HAL_GPIO_TogglePin  stm32f4xx_hal_gpio.o
    0x08000cec   0x08000cec   0x0000000a   Code   RO          473    .text.HAL_GPIO_WritePin  stm32f4xx_hal_gpio.o
    0x08000cf6   0x08000cf6   0x00000002   PAD
    0x08000cf8   0x08000cf8   0x0000000c   Code   RO          701    .text.HAL_GetTick   stm32f4xx_hal.o
    0x08000d04   0x08000d04   0x0000018e   Code   RO          131    .text.HAL_I2C_Init  stm32f4xx_hal_i2c.o
    0x08000e92   0x08000e92   0x00000002   PAD
    0x08000e94   0x08000e94   0x00000138   Code   RO          139    .text.HAL_I2C_Master_Transmit  stm32f4xx_hal_i2c.o
    0x08000fcc   0x08000fcc   0x00000072   Code   RO           47    .text.HAL_I2C_MspInit  i2c.o
    0x0800103e   0x0800103e   0x00000002   PAD
    0x08001040   0x08001040   0x0000001a   Code   RO          699    .text.HAL_IncTick   stm32f4xx_hal.o
    0x0800105a   0x0800105a   0x00000002   PAD
    0x0800105c   0x0800105c   0x00000036   Code   RO          689    .text.HAL_Init      stm32f4xx_hal.o
    0x08001092   0x08001092   0x00000002   PAD
    0x08001094   0x08001094   0x00000050   Code   RO          691    .text.HAL_InitTick  stm32f4xx_hal.o
    0x080010e4   0x080010e4   0x00000038   Code   RO          123    .text.HAL_MspInit   stm32f4xx_hal_msp.o
    0x0800111c   0x0800111c   0x00000008   Code   RO          627    .text.HAL_NVIC_EnableIRQ  stm32f4xx_hal_cortex.o
    0x08001124   0x08001124   0x0000001e   Code   RO          619    .text.HAL_NVIC_SetPriority  stm32f4xx_hal_cortex.o
    0x08001142   0x08001142   0x00000002   PAD
    0x08001144   0x08001144   0x00000008   Code   RO          615    .text.HAL_NVIC_SetPriorityGrouping  stm32f4xx_hal_cortex.o
    0x0800114c   0x0800114c   0x00000160   Code   RO          319    .text.HAL_RCC_ClockConfig  stm32f4xx_hal_rcc.o
    0x080012ac   0x080012ac   0x0000000c   Code   RO          329    .text.HAL_RCC_GetHCLKFreq  stm32f4xx_hal_rcc.o
    0x080012b8   0x080012b8   0x00000022   Code   RO          331    .text.HAL_RCC_GetPCLK1Freq  stm32f4xx_hal_rcc.o
    0x080012da   0x080012da   0x00000002   PAD
    0x080012dc   0x080012dc   0x00000022   Code   RO          333    .text.HAL_RCC_GetPCLK2Freq  stm32f4xx_hal_rcc.o
    0x080012fe   0x080012fe   0x00000002   PAD
    0x08001300   0x08001300   0x00000068   Code   RO          321    .text.HAL_RCC_GetSysClockFreq  stm32f4xx_hal_rcc.o
    0x08001368   0x08001368   0x00000344   Code   RO          317    .text.HAL_RCC_OscConfig  stm32f4xx_hal_rcc.o
    0x080016ac   0x080016ac   0x00000008   Code   RO          639    .text.HAL_SYSTICK_Config  stm32f4xx_hal_cortex.o
    0x080016b4   0x080016b4   0x00000094   Code   RO         1094    .text.HAL_TIMEx_MasterConfigSynchronization  stm32f4xx_hal_tim_ex.o
    0x08001748   0x08001748   0x0000005a   Code   RO          780    .text.HAL_TIM_Base_Init  stm32f4xx_hal_tim.o
    0x080017a2   0x080017a2   0x00000002   PAD
    0x080017a4   0x080017a4   0x000000a6   Code   RO           66    .text.HAL_TIM_Base_MspInit  tim.o
    0x0800184a   0x0800184a   0x00000002   PAD
    0x0800184c   0x0800184c   0x000000de   Code   RO          972    .text.HAL_TIM_ConfigClockSource  stm32f4xx_hal_tim.o
    0x0800192a   0x0800192a   0x00000002   PAD
    0x0800192c   0x0800192c   0x00000002   Code   RO          998    .text.HAL_TIM_ErrorCallback  stm32f4xx_hal_tim.o
    0x0800192e   0x0800192e   0x00000002   PAD
    0x08001930   0x08001930   0x0000008a   Code   RO           62    .text.HAL_TIM_MspPostInit  tim.o
    0x080019ba   0x080019ba   0x00000002   PAD
    0x080019bc   0x080019bc   0x00000098   Code   RO          946    .text.HAL_TIM_PWM_ConfigChannel  stm32f4xx_hal_tim.o
    0x08001a54   0x08001a54   0x0000005a   Code   RO          834    .text.HAL_TIM_PWM_Init  stm32f4xx_hal_tim.o
    0x08001aae   0x08001aae   0x00000002   PAD
    0x08001ab0   0x08001ab0   0x00000002   Code   RO          836    .text.HAL_TIM_PWM_MspInit  stm32f4xx_hal_tim.o
    0x08001ab2   0x08001ab2   0x00000002   PAD
    0x08001ab4   0x08001ab4   0x00000002   Code   RO          920    .text.HAL_TIM_PWM_PulseFinishedCallback  stm32f4xx_hal_tim.o
    0x08001ab6   0x08001ab6   0x00000002   PAD
    0x08001ab8   0x08001ab8   0x00000002   Code   RO          994    .text.HAL_TIM_PWM_PulseFinishedHalfCpltCallback  stm32f4xx_hal_tim.o
    0x08001aba   0x08001aba   0x00000002   PAD
    0x08001abc   0x08001abc   0x000000d4   Code   RO          842    .text.HAL_TIM_PWM_Start  stm32f4xx_hal_tim.o
    0x08001b90   0x08001b90   0x00000238   Code   RO          850    .text.HAL_TIM_PWM_Start_DMA  stm32f4xx_hal_tim.o
    0x08001dc8   0x08001dc8   0x0000007c   Code   RO          844    .text.HAL_TIM_PWM_Stop  stm32f4xx_hal_tim.o
    0x08001e44   0x08001e44   0x00000060   Code   RO         1118    .text.HAL_UART_Init  stm32f4xx_hal_uart.o
    0x08001ea4   0x08001ea4   0x00000074   Code   RO           83    .text.HAL_UART_MspInit  usart.o
    0x08001f18   0x08001f18   0x000000b4   Code   RO         1134    .text.HAL_UART_Transmit  stm32f4xx_hal_uart.o
    0x08001fcc   0x08001fcc   0x00000002   Code   RO           98    .text.HardFault_Handler  stm32f4xx_it.o
    0x08001fce   0x08001fce   0x00000002   PAD
    0x08001fd0   0x08001fd0   0x00000030   Code   RO          293    .text.I2C_IsAcknowledgeFailed  stm32f4xx_hal_i2c.o
    0x08002000   0x08002000   0x000000b0   Code   RO          143    .text.I2C_MasterRequestWrite  stm32f4xx_hal_i2c.o
    0x080020b0   0x080020b0   0x0000006a   Code   RO          147    .text.I2C_WaitOnBTFFlagUntilTimeout  stm32f4xx_hal_i2c.o
    0x0800211a   0x0800211a   0x00000002   PAD
    0x0800211c   0x0800211c   0x000000a0   Code   RO          141    .text.I2C_WaitOnFlagUntilTimeout  stm32f4xx_hal_i2c.o
    0x080021bc   0x080021bc   0x000000a6   Code   RO          291    .text.I2C_WaitOnMasterAddressFlagUntilTimeout  stm32f4xx_hal_i2c.o
    0x08002262   0x08002262   0x00000002   PAD
    0x08002264   0x08002264   0x0000006a   Code   RO          145    .text.I2C_WaitOnTXEFlagUntilTimeout  stm32f4xx_hal_i2c.o
    0x080022ce   0x080022ce   0x00000002   PAD
    0x080022d0   0x080022d0   0x000001fe   Code   RO         1265    .text.KEY_Scan      fzx_key.o
    0x080024ce   0x080024ce   0x00000002   PAD
    0x080024d0   0x080024d0   0x00000036   Code   RO           36    .text.MX_DMA_Init   dma.o
    0x08002506   0x08002506   0x00000002   PAD
    0x08002508   0x08002508   0x0000011e   Code   RO           27    .text.MX_GPIO_Init  gpio.o
    0x08002626   0x08002626   0x00000002   PAD
    0x08002628   0x08002628   0x0000003e   Code   RO           45    .text.MX_I2C1_Init  i2c.o
    0x08002666   0x08002666   0x00000002   PAD
    0x08002668   0x08002668   0x000000c4   Code   RO           60    .text.MX_TIM2_Init  tim.o
    0x0800272c   0x0800272c   0x000000ce   Code   RO           64    .text.MX_TIM5_Init  tim.o
    0x080027fa   0x080027fa   0x00000002   PAD
    0x080027fc   0x080027fc   0x00000038   Code   RO           81    .text.MX_USART1_UART_Init  usart.o
    0x08002834   0x08002834   0x00000002   Code   RO          100    .text.MemManage_Handler  stm32f4xx_it.o
    0x08002836   0x08002836   0x00000002   PAD
    0x08002838   0x08002838   0x00000002   Code   RO           96    .text.NMI_Handler   stm32f4xx_it.o
    0x0800283a   0x0800283a   0x00000002   PAD
    0x0800283c   0x0800283c   0x0000002c   Code   RO          625    .text.NVIC_EncodePriority  stm32f4xx_hal_cortex.o
    0x08002868   0x08002868   0x0000001e   Code   RO         1360    .text.OLED_DrawImage  oled.o
    0x08002886   0x08002886   0x00000002   PAD
    0x08002888   0x08002888   0x000000fc   Code   RO         1344    .text.OLED_DrawLine  oled.o
    0x08002984   0x08002984   0x000000b4   Code   RO         1320    .text.OLED_Init     oled.o
    0x08002a38   0x08002a38   0x00000014   Code   RO         1328    .text.OLED_NewFrame  oled.o
    0x08002a4c   0x08002a4c   0x0000002a   Code   RO         1362    .text.OLED_PrintASCIIChar  oled.o
    0x08002a76   0x08002a76   0x00000002   PAD
    0x08002a78   0x08002a78   0x000000dc   Code   RO         1368    .text.OLED_PrintString  oled.o
    0x08002b54   0x08002b54   0x00000022   Code   RO         1316    .text.OLED_Send     oled.o
    0x08002b76   0x08002b76   0x00000002   PAD
    0x08002b78   0x08002b78   0x00000016   Code   RO         1318    .text.OLED_SendCmd  oled.o
    0x08002b8e   0x08002b8e   0x00000002   PAD
    0x08002b90   0x08002b90   0x0000004e   Code   RO         1340    .text.OLED_SetBits  oled.o
    0x08002bde   0x08002bde   0x00000002   PAD
    0x08002be0   0x08002be0   0x00000066   Code   RO         1338    .text.OLED_SetBits_Fine  oled.o
    0x08002c46   0x08002c46   0x00000002   PAD
    0x08002c48   0x08002c48   0x000000ba   Code   RO         1342    .text.OLED_SetBlock  oled.o
    0x08002d02   0x08002d02   0x00000002   PAD
    0x08002d04   0x08002d04   0x00000060   Code   RO         1334    .text.OLED_SetByte_Fine  oled.o
    0x08002d64   0x08002d64   0x0000003c   Code   RO         1332    .text.OLED_SetPixel  oled.o
    0x08002da0   0x08002da0   0x00000054   Code   RO         1330    .text.OLED_ShowFrame  oled.o
    0x08002df4   0x08002df4   0x00000002   Code   RO          110    .text.PendSV_Handler  stm32f4xx_it.o
    0x08002df6   0x08002df6   0x00000002   PAD
    0x08002df8   0x08002df8   0x00000026   Code   RO         1433    .text.RGB_BLACK     2812_driver.o
    0x08002e1e   0x08002e1e   0x00000002   PAD
    0x08002e20   0x08002e20   0x00000030   Code   RO         1429    .text.RGB_BLUE      2812_driver.o
    0x08002e50   0x08002e50   0x00000030   Code   RO         1427    .text.RGB_GREEN     2812_driver.o
    0x08002e80   0x08002e80   0x0000002c   Code   RO         1425    .text.RGB_RED       2812_driver.o
    0x08002eac   0x08002eac   0x0000001c   Code   RO         1423    .text.RGB_SendArray  2812_driver.o
    0x08002ec8   0x08002ec8   0x00000088   Code   RO         1419    .text.RGB_SetColor  2812_driver.o
    0x08002f50   0x08002f50   0x00000026   Code   RO         1431    .text.RGB_WHITE     2812_driver.o
    0x08002f76   0x08002f76   0x00000002   PAD
    0x08002f78   0x08002f78   0x00000016   Code   RO         1421    .text.Reset_Load    2812_driver.o
    0x08002f8e   0x08002f8e   0x00000002   PAD
    0x08002f90   0x08002f90   0x00000002   Code   RO          106    .text.SVC_Handler   stm32f4xx_it.o
    0x08002f92   0x08002f92   0x00000002   PAD
    0x08002f94   0x08002f94   0x0000002e   Code   RO          641    .text.SysTick_Config  stm32f4xx_hal_cortex.o
    0x08002fc2   0x08002fc2   0x00000002   PAD
    0x08002fc4   0x08002fc4   0x00000008   Code   RO          112    .text.SysTick_Handler  stm32f4xx_it.o
    0x08002fcc   0x08002fcc   0x0000009c   Code   RO           13    .text.SystemClock_Config  main.o
    0x08003068   0x08003068   0x00000012   Code   RO         1250    .text.SystemInit    system_stm32f4xx.o
    0x0800307a   0x0800307a   0x00000002   PAD
    0x0800307c   0x0800307c   0x000000ea   Code   RO          784    .text.TIM_Base_SetConfig  stm32f4xx_hal_tim.o
    0x08003166   0x08003166   0x00000002   PAD
    0x08003168   0x08003168   0x00000024   Code   RO          818    .text.TIM_CCxChannelCmd  stm32f4xx_hal_tim.o
    0x0800318c   0x0800318c   0x00000068   Code   RO          828    .text.TIM_DMADelayPulseCplt  stm32f4xx_hal_tim.o
    0x080031f4   0x080031f4   0x00000038   Code   RO          830    .text.TIM_DMADelayPulseHalfCplt  stm32f4xx_hal_tim.o
    0x0800322c   0x0800322c   0x0000005c   Code   RO          804    .text.TIM_DMAError  stm32f4xx_hal_tim.o
    0x08003288   0x08003288   0x00000016   Code   RO          970    .text.TIM_ETR_SetConfig  stm32f4xx_hal_tim.o
    0x0800329e   0x0800329e   0x00000002   PAD
    0x080032a0   0x080032a0   0x00000010   Code   RO          976    .text.TIM_ITRx_SetConfig  stm32f4xx_hal_tim.o
    0x080032b0   0x080032b0   0x00000060   Code   RO          928    .text.TIM_OC1_SetConfig  stm32f4xx_hal_tim.o
    0x08003310   0x08003310   0x00000068   Code   RO          930    .text.TIM_OC2_SetConfig  stm32f4xx_hal_tim.o
    0x08003378   0x08003378   0x00000068   Code   RO          932    .text.TIM_OC3_SetConfig  stm32f4xx_hal_tim.o
    0x080033e0   0x080033e0   0x00000048   Code   RO          934    .text.TIM_OC4_SetConfig  stm32f4xx_hal_tim.o
    0x08003428   0x08003428   0x00000022   Code   RO          974    .text.TIM_TI1_ConfigInputStage  stm32f4xx_hal_tim.o
    0x0800344a   0x0800344a   0x00000002   PAD
    0x0800344c   0x0800344c   0x00000024   Code   RO          978    .text.TIM_TI2_ConfigInputStage  stm32f4xx_hal_tim.o
    0x08003470   0x08003470   0x00000050   Code   RO         1166    .text.UART_EndRxTransfer  stm32f4xx_hal_uart.o
    0x080034c0   0x080034c0   0x000000dc   Code   RO         1122    .text.UART_SetConfig  stm32f4xx_hal_uart.o
    0x0800359c   0x0800359c   0x00000088   Code   RO         1136    .text.UART_WaitOnFlagUntilTimeout  stm32f4xx_hal_uart.o
    0x08003624   0x08003624   0x00000002   Code   RO          104    .text.UsageFault_Handler  stm32f4xx_it.o
    0x08003626   0x08003626   0x00000002   PAD
    0x08003628   0x08003628   0x00000032   Code   RO         1366    .text._OLED_GetUTF8Len  oled.o
    0x0800365a   0x0800365a   0x00000002   PAD
    0x0800365c   0x0800365c   0x00000020   Code   RO          629    .text.__NVIC_EnableIRQ  stm32f4xx_hal_cortex.o
    0x0800367c   0x0800367c   0x00000010   Code   RO          621    .text.__NVIC_GetPriorityGrouping  stm32f4xx_hal_cortex.o
    0x0800368c   0x0800368c   0x00000022   Code   RO          623    .text.__NVIC_SetPriority  stm32f4xx_hal_cortex.o
    0x080036ae   0x080036ae   0x00000002   PAD
    0x080036b0   0x080036b0   0x00000020   Code   RO          617    .text.__NVIC_SetPriorityGrouping  stm32f4xx_hal_cortex.o
    0x080036d0   0x080036d0   0x000000ac   Code   RO         1389    .text.displayScore  dino.o
    0x0800377c   0x0800377c   0x00000060   Code   RO         1381    .text.introMessage  dino.o
    0x080037dc   0x080037dc   0x0000035c   Code   RO           11    .text.main          main.o
    0x08003b38   0x08003b38   0x00000030   Code   RO         1385    .text.moveDino      dino.o
    0x08003b68   0x08003b68   0x00000022   Code   RO         1387    .text.moveTree      dino.o
    0x08003b8a   0x08003b8a   0x00000002   PAD
    0x08003b8c   0x08003b8c   0x00000334   Code   RO         1391    .text.play          dino.o
    0x08003ec0   0x08003ec0   0x0000003c   Code   RO         1383    .text.showLine      dino.o
    0x08003efc   0x08003efc   0x0000001a   Code   RO         1641    x$fpl$fpinit        fz_wm.l(fpinit.o)
    0x08003f16   0x08003f16   0x00000010   Data   RO         1255    .rodata.AHBPrescTable  system_stm32f4xx.o
    0x08003f26   0x08003f26   0x00000008   Data   RO         1256    .rodata.APBPrescTable  system_stm32f4xx.o
    0x08003f2e   0x08003f2e   0x00000368   Data   RO         1295    .rodata.aData       font.o
    0x08004296   0x08004296   0x00000002   PAD
    0x08004298   0x08004298   0x00000008   Data   RO         1296    .rodata.aImg        font.o
    0x080042a0   0x080042a0   0x00000008   Data   RO         1277    .rodata.afont12x6   font.o
    0x080042a8   0x080042a8   0x00000008   Data   RO         1279    .rodata.afont16x8   font.o
    0x080042b0   0x080042b0   0x000002e0   Data   RO         1293    .rodata.aowuData    font.o
    0x08004590   0x08004590   0x00000008   Data   RO         1294    .rodata.aowuImg     font.o
    0x08004598   0x08004598   0x00000474   Data   RO         1276    .rodata.ascii_12x6  font.o
    0x08004a0c   0x08004a0c   0x000005f0   Data   RO         1278    .rodata.ascii_16x8  font.o
    0x08004ffc   0x08004ffc   0x000002b0   Data   RO         1307    .rodata.cai1Data    font.o
    0x080052ac   0x080052ac   0x00000008   Data   RO         1308    .rodata.cai1Img     font.o
    0x080052b4   0x080052b4   0x000002e8   Data   RO         1309    .rodata.cai2Data    font.o
    0x0800559c   0x0800559c   0x00000008   Data   RO         1310    .rodata.cai2Img     font.o
    0x080055a4   0x080055a4   0x0000003f   Data   RO         1397    .rodata.dino_back_legData  dino.o
    0x080055e3   0x080055e3   0x00000001   PAD
    0x080055e4   0x080055e4   0x00000008   Data   RO         1398    .rodata.dino_back_legImg  dino.o
    0x080055ec   0x080055ec   0x0000003f   Data   RO         1393    .rodata.dino_crashedData  dino.o
    0x0800562b   0x0800562b   0x00000001   PAD
    0x0800562c   0x0800562c   0x00000008   Data   RO         1394    .rodata.dino_crashedImg  dino.o
    0x08005634   0x08005634   0x0000003f   Data   RO         1395    .rodata.dino_front_legData  dino.o
    0x08005673   0x08005673   0x00000001   PAD
    0x08005674   0x08005674   0x00000008   Data   RO         1396    .rodata.dino_front_legImg  dino.o
    0x0800567c   0x0800567c   0x0000003f   Data   RO         1399    .rodata.dino_jumpsData  dino.o
    0x080056bb   0x080056bb   0x00000001   PAD
    0x080056bc   0x080056bc   0x00000008   Data   RO         1400    .rodata.dino_jumpsImg  dino.o
    0x080056c4   0x080056c4   0x00000300   Data   RO         1299    .rodata.enData      font.o
    0x080059c4   0x080059c4   0x00000008   Data   RO         1300    .rodata.enImg       font.o
    0x080059cc   0x080059cc   0x00000278   Data   RO         1303    .rodata.enenData    font.o
    0x08005c44   0x08005c44   0x00000008   Data   RO         1304    .rodata.enenImg     font.o
    0x08005c4c   0x08005c4c   0x00000010   Data   RO         1284    .rodata.font12x12   font.o
    0x08005c5c   0x08005c5c   0x00000010   Data   RO         1282    .rodata.font16x16   font.o
    0x08005c6c   0x08005c6c   0x00000200   Data   RO         1287    .rodata.jiData      font.o
    0x08005e6c   0x08005e6c   0x00000008   Data   RO         1288    .rodata.jiImg       font.o
    0x08005e74   0x08005e74   0x000002b0   Data   RO         1305    .rodata.muaData     font.o
    0x08006124   0x08006124   0x00000008   Data   RO         1306    .rodata.muaImg      font.o
    0x0800612c   0x0800612c   0x000003a8   Data   RO         1291    .rodata.none1Data   font.o
    0x080064d4   0x080064d4   0x00000008   Data   RO         1292    .rodata.none1Img    font.o
    0x080064dc   0x080064dc   0x00000298   Data   RO         1289    .rodata.smileiData  font.o
    0x08006774   0x08006774   0x00000008   Data   RO         1290    .rodata.smileiImg   font.o
    0x0800677c   0x0800677c   0x00000010   Data   RO         1408    .rodata.str1.1      dino.o
    0x0800678c   0x0800678c   0x00000026   Data   RO         1405    .rodata.time_distance  dino.o
    0x080067b2   0x080067b2   0x00000024   Data   RO         1403    .rodata.tree_bigData  dino.o
    0x080067d6   0x080067d6   0x00000002   PAD
    0x080067d8   0x080067d8   0x00000008   Data   RO         1404    .rodata.tree_bigImg  dino.o
    0x080067e0   0x080067e0   0x0000000c   Data   RO         1401    .rodata.tree_smallData  dino.o
    0x080067ec   0x080067ec   0x00000008   Data   RO         1402    .rodata.tree_smallImg  dino.o
    0x080067f4   0x080067f4   0x000002d8   Data   RO         1297    .rodata.winkData    font.o
    0x08006acc   0x08006acc   0x00000008   Data   RO         1298    .rodata.winkImg     font.o
    0x08006ad4   0x08006ad4   0x000003b8   Data   RO         1301    .rodata.xixiData    font.o
    0x08006e8c   0x08006e8c   0x00000008   Data   RO         1302    .rodata.xixiImg     font.o
    0x08006e94   0x08006e94   0x00000150   Data   RO         1283    .rodata.zh12x12     font.o
    0x08006fe4   0x08006fe4   0x00000264   Data   RO         1281    .rodata.zh16x16     font.o
    0x08007248   0x08007248   0x00000020   Data   RO         1702    Region$$Table       anon$$obj.o


    Execution Region RW_IRAM1 (Exec base: 0x20000000, Load base: 0x08007268, Size: 0x00000e78, Max: 0x00010000, ABSOLUTE)

    Exec Addr    Load Addr    Size         Type   Attr      Idx    E Section Name        Object

    0x20000000   0x08007268   0x00000004   Data   RW         1254    .data.SystemCoreClock  system_stm32f4xx.o
    0x20000004   0x0800726c   0x00000001   Data   RW          744    .data.uwTickFreq    stm32f4xx_hal.o
    0x20000005   0x0800726d   0x00000003   PAD
    0x20000008   0x08007270   0x00000004   Data   RW          743    .data.uwTickPrio    stm32f4xx_hal.o
    0x2000000c   0x08007274   0x00000004   PAD
    0x20000010        -       0x00000060   Zero   RW         1569    .bss                c_w.l(libspace.o)
    0x20000070        -       0x00000400   Zero   RW         1371    .bss.OLED_GRAM      oled.o
    0x20000470        -       0x00000002   Zero   RW         1370    .bss.OLED_SendCmd.sendBuffer  oled.o
    0x20000472        -       0x00000081   Zero   RW         1372    .bss.OLED_ShowFrame.sendBuffer  oled.o
    0x200004f3   0x08007274   0x00000001   PAD
    0x200004f4        -       0x000001e0   Zero   RW         1446    .bss.Pixel_Buf      2812_driver.o
    0x200006d4        -       0x0000000f   Zero   RW         1407    .bss.displayScore.tmp  dino.o
    0x200006e3   0x08007274   0x00000001   PAD
    0x200006e4        -       0x00000060   Zero   RW           72    .bss.hdma_tim2_ch1  tim.o
    0x20000744        -       0x00000054   Zero   RW           51    .bss.hi2c1          i2c.o
    0x20000798        -       0x00000004   Zero   RW         1406    .bss.highest_score  dino.o
    0x2000079c        -       0x00000048   Zero   RW           70    .bss.htim2          tim.o
    0x200007e4        -       0x00000048   Zero   RW           71    .bss.htim5          tim.o
    0x2000082c        -       0x00000048   Zero   RW           87    .bss.huart1         usart.o
    0x20000874        -       0x00000004   Zero   RW          745    .bss.uwTick         stm32f4xx_hal.o
    0x20000878        -       0x00000200   Zero   RW            2    HEAP                startup_stm32f401xc.o
    0x20000a78        -       0x00000400   Zero   RW            1    STACK               startup_stm32f401xc.o


==============================================================================

Image component sizes


      Code (inc. data)   RO Data    RW Data    ZI Data      Debug   Object Name

       402          0          0          0        480       3639   2812_driver.o
      1230         68        402          0         19       4394   dino.o
        54          0          0          0          0       2823   dma.o
         0          0      12672          0          0       2037   font.o
       510          0          0          0          0       1122   fzx_key.o
       286          0          0          0          0       2252   gpio.o
       176          0          0          0         84       5120   i2c.o
      1022         64          0          0          0       3801   main.o
      1456          0          0          0       1155      13093   oled.o
        64         26        404          0       1536        824   startup_stm32f401xc.o
       212          0          0          5          4       6831   stm32f4xx_hal.o
       258          0          0          0          0       9900   stm32f4xx_hal_cortex.o
       888         12          0          0          0       8868   stm32f4xx_hal_dma.o
       446          0          0          0          0       5131   stm32f4xx_hal_gpio.o
      1472          0          0          0          0      39532   stm32f4xx_hal_i2c.o
        56          0          0          0          0       1488   stm32f4xx_hal_msp.o
      1372          0          0          0          0       7293   stm32f4xx_hal_rcc.o
      2472          8          0          0          0      42557   stm32f4xx_hal_tim.o
       148          0          0          0          0      18258   stm32f4xx_hal_tim_ex.o
       712          0          0          0          0      24184   stm32f4xx_hal_uart.o
        40          0          0          0          0       1111   stm32f4xx_it.o
        18          0         24          4          0       2671   system_stm32f4xx.o
       706          0          0          0        240       6569   tim.o
       172          0          0          0         72       4930   usart.o

    ----------------------------------------------------------------------
     14284        178      13542         12       3596     218428   Object Totals
         0          0         32          0          0          0   (incl. Generated)
       112          0          8          3          6          0   (incl. Padding)

    ----------------------------------------------------------------------

      Code (inc. data)   RO Data    RW Data    ZI Data      Debug   Library Member Name

         8          0          0          0          0         68   __main.o
       104          0          0          0          0         84   __printf.o
         0          0          0          0          0          0   __rtentry.o
        12          0          0          0          0          0   __rtentry2.o
         6          0          0          0          0          0   __rtentry4.o
        52          8          0          0          0          0   __scatter.o
        26          0          0          0          0          0   __scatter_copy.o
        28          0          0          0          0          0   __scatter_zi.o
        48          6          0          0          0         96   _printf_char_common.o
         6          0          0          0          0          0   _printf_d.o
       120         16          0          0          0         92   _printf_dec.o
       178          0          0          0          0         88   _printf_intcommon.o
         0          0          0          0          0          0   _printf_percent.o
         4          0          0          0          0          0   _printf_percent_end.o
        10          0          0          0          0         68   _sputc.o
        18          0          0          0          0         80   exit.o
         6          0          0          0          0        152   heapauxi.o
         0          0          0          0          0          0   indicate_semi.o
         2          0          0          0          0          0   libinit.o
         6          0          0          0          0          0   libinit2.o
         2          0          0          0          0          0   libshutdown.o
         2          0          0          0          0          0   libshutdown2.o
         8          4          0          0         96         68   libspace.o
       240          0          0          0          0        100   lludivv7m.o
        88          0          0          0          0         76   memcmp.o
        40          6          0          0          0         84   noretval__2sprintf.o
        78          0          0          0          0         80   rt_memclr_w.o
       138          0          0          0          0         68   rt_memcpy_v6.o
       100          0          0          0          0         80   rt_memcpy_w.o
         2          0          0          0          0          0   rtexit.o
        10          0          0          0          0          0   rtexit2.o
        12          4          0          0          0         68   sys_exit.o
        74          0          0          0          0         80   sys_stackheap_outer.o
         2          0          0          0          0         68   use_no_semi.o
        26          0          0          0          0        116   fpinit.o

    ----------------------------------------------------------------------
      1462         44          0          0         96       1616   Library Totals
         6          0          0          0          0          0   (incl. Padding)

    ----------------------------------------------------------------------

      Code (inc. data)   RO Data    RW Data    ZI Data      Debug   Library Name

      1430         44          0          0         96       1500   c_w.l
        26          0          0          0          0        116   fz_wm.l

    ----------------------------------------------------------------------
      1462         44          0          0         96       1616   Library Totals

    ----------------------------------------------------------------------

==============================================================================


      Code (inc. data)   RO Data    RW Data    ZI Data      Debug   

     15746        222      13542         12       3692     218980   Grand Totals
     15746        222      13542         12       3692     218980   ELF Image Totals
     15746        222      13542         12          0          0   ROM Totals

==============================================================================

    Total RO  Size (Code + RO Data)                29288 (  28.60kB)
    Total RW  Size (RW Data + ZI Data)              3704 (   3.62kB)
    Total ROM Size (Code + RO Data + RW Data)      29300 (  28.61kB)

==============================================================================

