<html>
<body>
<pre>
<h1>µVision Build Log</h1>
<h2>Tool Versions:</h2>
IDE-Version: ¦ÌVision V5.31.0.0
Copyright (C) 2020 ARM Ltd and ARM Germany GmbH. All rights reserved.
License Information: 111 zyt201323@qq.com, 2222, LIC=KRMW3-ALBTA-MMC9I-TTIT8-7IGFS-QF5Y1
 
Tool Versions:
Toolchain:       MDK-ARM Plus  Version: 5.31.0.0
Toolchain Path:  D:\Keil_v5\ARM\ARMCC\Bin
C Compiler:      Armcc.exe V5.06 update 6 (build 750)
Assembler:       Armasm.exe V5.06 update 6 (build 750)
Linker/Locator:  ArmLink.exe V5.06 update 6 (build 750)
Library Manager: ArmAr.exe V5.06 update 6 (build 750)
Hex Converter:   FromElf.exe V5.06 update 6 (build 750)
CPU DLL:         SARMCM3.DLL V5.31.0.0
Dialog DLL:      DCM.DLL V1.17.3.0
Target DLL:      CMSIS_AGDI.dll V1.32.6.0
Dialog DLL:      TCM.DLL V1.46.0.0
 
<h2>Project:</h2>
D:\stm32_program\demo1\MDK-ARM\demo1.uvprojx
Project File Date:  10/15/2024

<h2>Output:</h2>
*** Using Compiler 'V5.06 update 6 (build 750)', folder: 'D:\Keil_v5\ARM\ARMCC\Bin'
Build target 'demo1'
compiling main.c...
../Core/Src/main.c(63): warning:  #188-D: enumerated type mixed with another type
  		 HAL_GPIO_WritePin(GPIOB,GPIO_PIN_2,0);
../Core/Src/main.c(64): warning:  #188-D: enumerated type mixed with another type
  		 HAL_GPIO_WritePin(GPIOB,GPIO_PIN_4,1);
../Core/Src/main.c(65): warning:  #188-D: enumerated type mixed with another type
  		 HAL_GPIO_WritePin(GPIOB,GPIO_PIN_5,1);
../Core/Src/main.c(66): warning:  #188-D: enumerated type mixed with another type
  		 HAL_GPIO_WritePin(GPIOB,GPIO_PIN_9,1);
../Core/Src/main.c(72): warning:  #188-D: enumerated type mixed with another type
  		 HAL_GPIO_WritePin(GPIOB,GPIO_PIN_2,1);
../Core/Src/main.c(73): warning:  #188-D: enumerated type mixed with another type
  		 HAL_GPIO_WritePin(GPIOB,GPIO_PIN_4,0);
../Core/Src/main.c(74): warning:  #188-D: enumerated type mixed with another type
  		 HAL_GPIO_WritePin(GPIOB,GPIO_PIN_5,1);
../Core/Src/main.c(75): warning:  #188-D: enumerated type mixed with another type
  		 HAL_GPIO_WritePin(GPIOB,GPIO_PIN_9,1);
../Core/Src/main.c(81): warning:  #188-D: enumerated type mixed with another type
  		 HAL_GPIO_WritePin(GPIOB,GPIO_PIN_2,1);
../Core/Src/main.c(82): warning:  #188-D: enumerated type mixed with another type
  		 HAL_GPIO_WritePin(GPIOB,GPIO_PIN_4,1);
../Core/Src/main.c(83): warning:  #188-D: enumerated type mixed with another type
  		 HAL_GPIO_WritePin(GPIOB,GPIO_PIN_5,0);
../Core/Src/main.c(84): warning:  #188-D: enumerated type mixed with another type
  		 HAL_GPIO_WritePin(GPIOB,GPIO_PIN_9,1);
../Core/Src/main.c(90): warning:  #188-D: enumerated type mixed with another type
  		 HAL_GPIO_WritePin(GPIOB,GPIO_PIN_2,1);
../Core/Src/main.c(91): warning:  #188-D: enumerated type mixed with another type
  		 HAL_GPIO_WritePin(GPIOB,GPIO_PIN_4,1);
../Core/Src/main.c(92): warning:  #188-D: enumerated type mixed with another type
  		 HAL_GPIO_WritePin(GPIOB,GPIO_PIN_5,1);
../Core/Src/main.c(93): warning:  #188-D: enumerated type mixed with another type
  		 HAL_GPIO_WritePin(GPIOB,GPIO_PIN_9,0);
../Core/Src/main.c(132): warning:  #188-D: enumerated type mixed with another type
  HAL_GPIO_WritePin(GPIOA,GPIO_PIN_2,0);
../Core/Src/main.c: 17 warnings, 0 errors
linking...
Program Size: Code=3252 RO-data=452 RW-data=16 ZI-data=1024  
FromELF: creating hex file...
"demo1\demo1.axf" - 0 Error(s), 17 Warning(s).

<h2>Software Packages used:</h2>

Package Vendor: ARM
                http://www.keil.com/pack/ARM.CMSIS.5.7.0.pack
                ARM.CMSIS.5.7.0
                CMSIS (Cortex Microcontroller Software Interface Standard)
   * Component: CORE Version: 5.4.0

Package Vendor: Keil
                http://www.keil.com/pack/Keil.STM32F4xx_DFP.2.16.0.pack
                Keil.STM32F4xx_DFP.2.16.0
                STMicroelectronics STM32F4 Series Device Support, Drivers and Examples

<h2>Collection of Component include folders:</h2>
  .\RTE\_demo1
  D:\Keil_v5\Packs\ARM\CMSIS\5.7.0\CMSIS\Core\Include
  D:\Keil_v5\Packs\Keil\STM32F4xx_DFP\2.16.0\Drivers\CMSIS\Device\ST\STM32F4xx\Include

<h2>Collection of Component Files used:</h2>

   * Component: ARM::CMSIS:CORE:5.4.0
Build Time Elapsed:  00:00:01
</pre>
</body>
</html>
